Archive member included to satisfy reference by file (symbol)

c:/program files (x86)/atmel/studio/7.0/toolchain/arm/arm-gnu-toolchain/bin/../lib/gcc/arm-none-eabi/6.3.1/thumb/v6-m\libgcc.a(_udivsi3.o)
                              src/ASF/sam0/drivers/system/clock/clock_samd09_d10_d11/clock.o (__aeabi_uidiv)
c:/program files (x86)/atmel/studio/7.0/toolchain/arm/arm-gnu-toolchain/bin/../lib/gcc/arm-none-eabi/6.3.1/thumb/v6-m\libgcc.a(_divsi3.o)
                              src/ASF/sam0/drivers/usb/stack_interface/usb_device_udd.o (__aeabi_idivmod)
c:/program files (x86)/atmel/studio/7.0/toolchain/arm/arm-gnu-toolchain/bin/../lib/gcc/arm-none-eabi/6.3.1/thumb/v6-m\libgcc.a(_dvmd_tls.o)
                              c:/program files (x86)/atmel/studio/7.0/toolchain/arm/arm-gnu-toolchain/bin/../lib/gcc/arm-none-eabi/6.3.1/thumb/v6-m\libgcc.a(_udivsi3.o) (__aeabi_idiv0)
c:/program files (x86)/atmel/studio/7.0/toolchain/arm/arm-gnu-toolchain/bin/../lib/gcc/arm-none-eabi/6.3.1/../../../../arm-none-eabi/lib/thumb/v6-m\libc_nano.a(lib_a-exit.o)
                              c:/program files (x86)/atmel/studio/7.0/toolchain/arm/arm-gnu-toolchain/bin/../lib/gcc/arm-none-eabi/6.3.1/../../../../arm-none-eabi/lib/thumb/v6-m/crt0.o (exit)
c:/program files (x86)/atmel/studio/7.0/toolchain/arm/arm-gnu-toolchain/bin/../lib/gcc/arm-none-eabi/6.3.1/../../../../arm-none-eabi/lib/thumb/v6-m\libc_nano.a(lib_a-impure.o)
                              c:/program files (x86)/atmel/studio/7.0/toolchain/arm/arm-gnu-toolchain/bin/../lib/gcc/arm-none-eabi/6.3.1/../../../../arm-none-eabi/lib/thumb/v6-m\libc_nano.a(lib_a-exit.o) (_global_impure_ptr)
c:/program files (x86)/atmel/studio/7.0/toolchain/arm/arm-gnu-toolchain/bin/../lib/gcc/arm-none-eabi/6.3.1/../../../../arm-none-eabi/lib/thumb/v6-m\libc_nano.a(lib_a-init.o)
                              c:/program files (x86)/atmel/studio/7.0/toolchain/arm/arm-gnu-toolchain/bin/../lib/gcc/arm-none-eabi/6.3.1/../../../../arm-none-eabi/lib/thumb/v6-m/crt0.o (__libc_init_array)
c:/program files (x86)/atmel/studio/7.0/toolchain/arm/arm-gnu-toolchain/bin/../lib/gcc/arm-none-eabi/6.3.1/../../../../arm-none-eabi/lib/thumb/v6-m\libc_nano.a(lib_a-memcpy-stub.o)
                              src/ASF/common/services/usb/class/hid/device/generic/udi_hid_generic.o (memcpy)
c:/program files (x86)/atmel/studio/7.0/toolchain/arm/arm-gnu-toolchain/bin/../lib/gcc/arm-none-eabi/6.3.1/../../../../arm-none-eabi/lib/thumb/v6-m\libc_nano.a(lib_a-memset.o)
                              c:/program files (x86)/atmel/studio/7.0/toolchain/arm/arm-gnu-toolchain/bin/../lib/gcc/arm-none-eabi/6.3.1/../../../../arm-none-eabi/lib/thumb/v6-m/crt0.o (memset)

Allocating common symbols
Common symbol       size              file

udd_ep_out_cache_buffer
                    0x80              src/ASF/sam0/drivers/usb/stack_interface/usb_device_udd.o
usb_descriptor_table
                    0x100             src/ASF/sam0/drivers/usb/usb_sam_d_r/usb.o
usb_device          0xb4              src/ASF/sam0/drivers/usb/stack_interface/usb_device_udd.o
_extint_dev         0x40              src/ASF/sam0/drivers/extint/extint_sam_d_r_h/extint.o
udd_g_ctrlreq       0x18              src/ASF/sam0/drivers/usb/stack_interface/usb_device_udd.o
_current_channel    0x1               src/ASF/sam0/drivers/extint/extint_callback.o
sleepmgr_locks      0x5               src/ASF/common/services/sleepmgr/samd/sleepmgr.o
udd_ctrl_buffer     0x8               src/ASF/sam0/drivers/usb/stack_interface/usb_device_udd.o

Discarded input sections

 .text          0x00000000        0x0 c:/program files (x86)/atmel/studio/7.0/toolchain/arm/arm-gnu-toolchain/bin/../lib/gcc/arm-none-eabi/6.3.1/thumb/v6-m/crti.o
 .data          0x00000000        0x0 c:/program files (x86)/atmel/studio/7.0/toolchain/arm/arm-gnu-toolchain/bin/../lib/gcc/arm-none-eabi/6.3.1/thumb/v6-m/crti.o
 .bss           0x00000000        0x0 c:/program files (x86)/atmel/studio/7.0/toolchain/arm/arm-gnu-toolchain/bin/../lib/gcc/arm-none-eabi/6.3.1/thumb/v6-m/crti.o
 .data          0x00000000        0x4 c:/program files (x86)/atmel/studio/7.0/toolchain/arm/arm-gnu-toolchain/bin/../lib/gcc/arm-none-eabi/6.3.1/thumb/v6-m/crtbegin.o
 .text          0x00000000       0x78 c:/program files (x86)/atmel/studio/7.0/toolchain/arm/arm-gnu-toolchain/bin/../lib/gcc/arm-none-eabi/6.3.1/../../../../arm-none-eabi/lib/thumb/v6-m/crt0.o
 .data          0x00000000        0x0 c:/program files (x86)/atmel/studio/7.0/toolchain/arm/arm-gnu-toolchain/bin/../lib/gcc/arm-none-eabi/6.3.1/../../../../arm-none-eabi/lib/thumb/v6-m/crt0.o
 .bss           0x00000000        0x0 c:/program files (x86)/atmel/studio/7.0/toolchain/arm/arm-gnu-toolchain/bin/../lib/gcc/arm-none-eabi/6.3.1/../../../../arm-none-eabi/lib/thumb/v6-m/crt0.o
 .ARM.extab     0x00000000        0x0 c:/program files (x86)/atmel/studio/7.0/toolchain/arm/arm-gnu-toolchain/bin/../lib/gcc/arm-none-eabi/6.3.1/../../../../arm-none-eabi/lib/thumb/v6-m/crt0.o
[...]
Memory Configuration

Name             Origin             Length             Attributes
rom              0x00000000         0x00004000         xr
ram              0x20000000         0x00001000         xrw
*default*        0x00000000         0xffffffff

Linker script and memory map

LOAD c:/program files (x86)/atmel/studio/7.0/toolchain/arm/arm-gnu-toolchain/bin/../lib/gcc/arm-none-eabi/6.3.1/thumb/v6-m/crti.o
LOAD c:/program files (x86)/atmel/studio/7.0/toolchain/arm/arm-gnu-toolchain/bin/../lib/gcc/arm-none-eabi/6.3.1/thumb/v6-m/crtbegin.o
LOAD c:/program files (x86)/atmel/studio/7.0/toolchain/arm/arm-gnu-toolchain/bin/../lib/gcc/arm-none-eabi/6.3.1/../../../../arm-none-eabi/lib/thumb/v6-m/crt0.o
LOAD src/ASF/common/services/usb/class/hid/device/generic/example/samd11d14a_samd11_xplained_pro/ui.o
LOAD src/ASF/common/services/sleepmgr/samd/sleepmgr.o
LOAD src/ASF/common/services/usb/class/hid/device/generic/udi_hid_generic.o
LOAD src/ASF/common/services/usb/class/hid/device/generic/udi_hid_generic_desc.o
LOAD src/ASF/common/services/usb/class/hid/device/udi_hid.o
LOAD src/ASF/common/services/usb/udc/udc.o
LOAD src/ASF/common/utils/interrupt/interrupt_sam_nvic.o
LOAD src/ASF/sam0/boards/samd11_xplained_pro/board_init.o
LOAD src/ASF/sam0/drivers/extint/extint_callback.o
LOAD src/ASF/sam0/drivers/extint/extint_sam_d_r_h/extint.o
LOAD src/ASF/sam0/drivers/port/port.o
LOAD src/ASF/sam0/drivers/system/clock/clock_samd09_d10_d11/clock.o
LOAD src/ASF/sam0/drivers/system/clock/clock_samd09_d10_d11/gclk.o
LOAD src/ASF/sam0/drivers/system/interrupt/system_interrupt.o
LOAD src/ASF/sam0/drivers/system/pinmux/pinmux.o
LOAD src/ASF/sam0/drivers/system/system.o
LOAD src/ASF/sam0/drivers/usb/stack_interface/usb_device_udd.o
LOAD src/ASF/sam0/drivers/usb/stack_interface/usb_dual.o
LOAD src/ASF/sam0/drivers/usb/usb_sam_d_r/usb.o
LOAD src/ASF/sam0/utils/cmsis/samd11/source/gcc/startup_samd11.o
LOAD src/ASF/sam0/utils/cmsis/samd11/source/system_samd11.o
LOAD src/ASF/sam0/utils/syscalls/gcc/syscalls.o
LOAD src/main.o
START GROUP
LOAD ../src/ASF/thirdparty/CMSIS/Lib/GCC\libarm_cortexM0l_math.a
LOAD c:/program files (x86)/atmel/studio/7.0/toolchain/arm/arm-gnu-toolchain/bin/../lib/gcc/arm-none-eabi/6.3.1/../../../../arm-none-eabi/lib/thumb/v6-m\libm.a
END GROUP
                0x00000600                STACK_SIZE = 0x600
START GROUP
LOAD c:/program files (x86)/atmel/studio/7.0/toolchain/arm/arm-gnu-toolchain/bin/../lib/gcc/arm-none-eabi/6.3.1/thumb/v6-m\libgcc.a
LOAD c:/program files (x86)/atmel/studio/7.0/toolchain/arm/arm-gnu-toolchain/bin/../lib/gcc/arm-none-eabi/6.3.1/../../../../arm-none-eabi/lib/thumb/v6-m\libc_nano.a
END GROUP
START GROUP
LOAD c:/program files (x86)/atmel/studio/7.0/toolchain/arm/arm-gnu-toolchain/bin/../lib/gcc/arm-none-eabi/6.3.1/thumb/v6-m\libgcc.a
LOAD c:/program files (x86)/atmel/studio/7.0/toolchain/arm/arm-gnu-toolchain/bin/../lib/gcc/arm-none-eabi/6.3.1/../../../../arm-none-eabi/lib/thumb/v6-m\libc_nano.a
END GROUP
LOAD c:/program files (x86)/atmel/studio/7.0/toolchain/arm/arm-gnu-toolchain/bin/../lib/gcc/arm-none-eabi/6.3.1/thumb/v6-m/crtend.o
LOAD c:/program files (x86)/atmel/studio/7.0/toolchain/arm/arm-gnu-toolchain/bin/../lib/gcc/arm-none-eabi/6.3.1/thumb/v6-m/crtn.o
                0x00000400                STACK_SIZE = DEFINED (STACK_SIZE)?STACK_SIZE:DEFINED (__stack_size__)?__stack_size__:0x400

.text           0x00000000     0x3430
                0x00000000                . = ALIGN (0x4)
                0x00000000                _sfixed = .
 *(.vectors .vectors.*)
 .vectors       0x00000000       0x8c src/ASF/sam0/utils/cmsis/samd11/source/gcc/startup_samd11.o
                0x00000000                exception_table
 *(.text .text.* .gnu.linkonce.t.*)
 .text          0x0000008c       0x60 c:/program files (x86)/atmel/studio/7.0/toolchain/arm/arm-gnu-toolchain/bin/../lib/gcc/arm-none-eabi/6.3.1/thumb/v6-m/crtbegin.o
 .text.ui_init  0x000000ec       0x10 src/ASF/common/services/usb/class/hid/device/generic/example/samd11d14a_samd11_xplained_pro/ui.o
                0x000000ec                ui_init
 .text.ui_powerdown
                0x000000fc       0x10 src/ASF/common/services/usb/class/hid/device/generic/example/samd11d14a_samd11_xplained_pro/ui.o
                0x000000fc                ui_powerdown
 .text.ui_wakeup_enable
                0x0000010c        0x2 src/ASF/common/services/usb/class/hid/device/generic/example/samd11d14a_samd11_xplained_pro/ui.o
                0x0000010c                ui_wakeup_enable
 .text.ui_wakeup_disable
                0x0000010e        0x2 src/ASF/common/services/usb/class/hid/device/generic/example/samd11d14a_samd11_xplained_pro/ui.o
                0x0000010e                ui_wakeup_disable
 .text.ui_wakeup
                0x00000110       0x10 src/ASF/common/services/usb/class/hid/device/generic/example/samd11d14a_samd11_xplained_pro/ui.o
                0x00000110                ui_wakeup
 .text.ui_process
                0x00000120      0x1cc src/ASF/common/services/usb/class/hid/device/generic/example/samd11d14a_samd11_xplained_pro/ui.o
                0x00000120                ui_process
 .text.ui_led_change
                0x000002ec       0x34 src/ASF/common/services/usb/class/hid/device/generic/example/samd11d14a_samd11_xplained_pro/ui.o
                0x000002ec                ui_led_change
 .text.udi_hid_generic_getsetting
                0x00000320        0x4 src/ASF/common/services/usb/class/hid/device/generic/udi_hid_generic.o
                0x00000320                udi_hid_generic_getsetting
 .text.udi_hid_generic_setreport
                0x00000324       0x3c src/ASF/common/services/usb/class/hid/device/generic/udi_hid_generic.o
 .text.udi_hid_generic_report_in_sent
                0x00000360        0xc src/ASF/common/services/usb/class/hid/device/generic/udi_hid_generic.o
 .text.udi_hid_generic_report_out_enable
                0x0000036c       0x24 src/ASF/common/services/usb/class/hid/device/generic/udi_hid_generic.o
 .text.udi_hid_generic_enable
                0x00000390       0x38 src/ASF/common/services/usb/class/hid/device/generic/udi_hid_generic.o
                0x00000390                udi_hid_generic_enable
 .text.udi_hid_generic_report_out_received
                0x000003c8       0x24 src/ASF/common/services/usb/class/hid/device/generic/udi_hid_generic.o
 .text.udi_hid_generic_disable
                0x000003ec        0xc src/ASF/common/services/usb/class/hid/device/generic/udi_hid_generic.o
                0x000003ec                udi_hid_generic_disable
 .text.udi_hid_generic_setup
                0x000003f8       0x24 src/ASF/common/services/usb/class/hid/device/generic/udi_hid_generic.o
                0x000003f8                udi_hid_generic_setup
 .text.udi_hid_generic_setfeature_valid
                0x0000041c       0x20 src/ASF/common/services/usb/class/hid/device/generic/udi_hid_generic.o
 .text.udi_hid_generic_send_report_in
                0x0000043c       0x80 src/ASF/common/services/usb/class/hid/device/generic/udi_hid_generic.o
                0x0000043c                udi_hid_generic_send_report_in
 .text.udi_hid_setup
                0x000004bc       0xfc src/ASF/common/services/usb/class/hid/device/udi_hid.o
                0x000004bc                udi_hid_setup
 .text.udc_next_desc_in_iface
                0x000005b8       0x4c src/ASF/common/services/usb/udc/udc.o
 .text.udc_valid_address
                0x00000604       0x18 src/ASF/common/services/usb/udc/udc.o
 .text.udc_update_iface_desc
                0x0000061c       0x74 src/ASF/common/services/usb/udc/udc.o
 .text.udc_iface_disable
                0x00000690       0x6c src/ASF/common/services/usb/udc/udc.o
 .text.udc_iface_enable
                0x000006fc       0x58 src/ASF/common/services/usb/udc/udc.o
 .text.udc_get_interface_desc
                0x00000754        0xc src/ASF/common/services/usb/udc/udc.o
                0x00000754                udc_get_interface_desc
 .text.udc_start
                0x00000760        0xc src/ASF/common/services/usb/udc/udc.o
                0x00000760                udc_start
 .text.udc_reset
                0x0000076c       0x60 src/ASF/common/services/usb/udc/udc.o
                0x0000076c                udc_reset
 .text.udc_stop
                0x000007cc       0x14 src/ASF/common/services/usb/udc/udc.o
                0x000007cc                udc_stop
 .text.udc_sof_notify
                0x000007e0       0x44 src/ASF/common/services/usb/udc/udc.o
                0x000007e0                udc_sof_notify
 .text.udc_process_setup
                0x00000824      0x464 src/ASF/common/services/usb/udc/udc.o
                0x00000824                udc_process_setup
 .text.cpu_irq_enter_critical
                0x00000c88       0x40 src/ASF/common/utils/interrupt/interrupt_sam_nvic.o
                0x00000c88                cpu_irq_enter_critical
 .text.cpu_irq_leave_critical
                0x00000cc8       0x30 src/ASF/common/utils/interrupt/interrupt_sam_nvic.o
                0x00000cc8                cpu_irq_leave_critical
 .text.system_board_init
                0x00000cf8       0x84 src/ASF/sam0/boards/samd11_xplained_pro/board_init.o
                0x00000cf8                board_init
                0x00000cf8                system_board_init
 .text.EIC_Handler
                0x00000d7c       0x54 src/ASF/sam0/drivers/extint/extint_callback.o
                0x00000d7c                EIC_Handler
 .text._extint_enable
                0x00000dd0       0x18 src/ASF/sam0/drivers/extint/extint_sam_d_r_h/extint.o
 .text._system_extint_init
                0x00000de8       0x6c src/ASF/sam0/drivers/extint/extint_sam_d_r_h/extint.o
                0x00000de8                _system_extint_init
 .text.port_pin_set_config
                0x00000e54       0x24 src/ASF/sam0/drivers/port/port.o
                0x00000e54                port_pin_set_config
 .text.system_clock_source_get_hz
                0x00000e78       0x94 src/ASF/sam0/drivers/system/clock/clock_samd09_d10_d11/clock.o
                0x00000e78                system_clock_source_get_hz
 .text.system_clock_source_osc8m_set_config
                0x00000f0c       0x3c src/ASF/sam0/drivers/system/clock/clock_samd09_d10_d11/clock.o
                0x00000f0c                system_clock_source_osc8m_set_config
 .text.system_clock_source_dfll_set_config
                0x00000f48       0x80 src/ASF/sam0/drivers/system/clock/clock_samd09_d10_d11/clock.o
                0x00000f48                system_clock_source_dfll_set_config
 .text.system_clock_source_enable
                0x00000fc8       0xa8 src/ASF/sam0/drivers/system/clock/clock_samd09_d10_d11/clock.o
                0x00000fc8                system_clock_source_enable
 .text.system_clock_init
                0x00001070      0x118 src/ASF/sam0/drivers/system/clock/clock_samd09_d10_d11/clock.o
                0x00001070                system_clock_init
 .text.system_gclk_init
                0x00001188       0x24 src/ASF/sam0/drivers/system/clock/clock_samd09_d10_d11/gclk.o
                0x00001188                system_gclk_init
 .text.system_gclk_gen_set_config
                0x000011ac       0xb8 src/ASF/sam0/drivers/system/clock/clock_samd09_d10_d11/gclk.o
                0x000011ac                system_gclk_gen_set_config
 .text.system_gclk_gen_enable
                0x00001264       0x44 src/ASF/sam0/drivers/system/clock/clock_samd09_d10_d11/gclk.o
                0x00001264                system_gclk_gen_enable
 .text.system_gclk_gen_get_hz
                0x000012a8       0x8c src/ASF/sam0/drivers/system/clock/clock_samd09_d10_d11/gclk.o
                0x000012a8                system_gclk_gen_get_hz
 .text.system_gclk_chan_enable
                0x00001334       0x30 src/ASF/sam0/drivers/system/clock/clock_samd09_d10_d11/gclk.o
                0x00001334                system_gclk_chan_enable
 .text.system_gclk_chan_disable
                0x00001364       0x5c src/ASF/sam0/drivers/system/clock/clock_samd09_d10_d11/gclk.o
                0x00001364                system_gclk_chan_disable
 .text.system_gclk_chan_set_config
                0x000013c0       0x1c src/ASF/sam0/drivers/system/clock/clock_samd09_d10_d11/gclk.o
                0x000013c0                system_gclk_chan_set_config
 .text.system_gclk_chan_get_hz
                0x000013dc       0x34 src/ASF/sam0/drivers/system/clock/clock_samd09_d10_d11/gclk.o
                0x000013dc                system_gclk_chan_get_hz
 .text._system_pinmux_config
                0x00001410       0xa8 src/ASF/sam0/drivers/system/pinmux/pinmux.o
 .text.system_pinmux_pin_set_config
                0x000014b8       0x30 src/ASF/sam0/drivers/system/pinmux/pinmux.o
                0x000014b8                system_pinmux_pin_set_config
 .text._system_dummy_init
                0x000014e8        0x2 src/ASF/sam0/drivers/system/system.o
                0x000014e8                _system_events_init
                0x000014e8                _system_dummy_init
                0x000014e8                _system_divas_init
 *fill*         0x000014ea        0x2 
 .text.system_init
                0x000014ec       0x2c src/ASF/sam0/drivers/system/system.o
                0x000014ec                system_init
 .text.udd_sleep_mode
                0x00001518       0xc0 src/ASF/sam0/drivers/usb/stack_interface/usb_device_udd.o
 .text.udd_ep_get_job
                0x000015d8       0x24 src/ASF/sam0/drivers/usb/stack_interface/usb_device_udd.o
 .text.udd_ep_transfer_process
                0x000015fc      0x1b4 src/ASF/sam0/drivers/usb/stack_interface/usb_device_udd.o
 .text.udd_ctrl_stall_data
                0x000017b0       0x2c src/ASF/sam0/drivers/usb/stack_interface/usb_device_udd.o
 .text._usb_device_lpm_suspend
                0x000017dc       0x34 src/ASF/sam0/drivers/usb/stack_interface/usb_device_udd.o
 .text._usb_on_wakeup
                0x00001810       0x70 src/ASF/sam0/drivers/usb/stack_interface/usb_device_udd.o
 .text._usb_on_bus_reset
                0x00001880       0xb0 src/ASF/sam0/drivers/usb/stack_interface/usb_device_udd.o
 .text.udd_ctrl_send_zlp_in
                0x00001930       0x3c src/ASF/sam0/drivers/usb/stack_interface/usb_device_udd.o
 .text._usb_ep0_on_tansfer_fail
                0x0000196c       0x54 src/ASF/sam0/drivers/usb/stack_interface/usb_device_udd.o
 .text.udd_ctrl_in_sent
                0x000019c0       0xa8 src/ASF/sam0/drivers/usb/stack_interface/usb_device_udd.o
 .text._usb_ep0_on_setup
                0x00001a68       0xe4 src/ASF/sam0/drivers/usb/stack_interface/usb_device_udd.o
 .text._usb_on_sof_notify
                0x00001b4c       0x14 src/ASF/sam0/drivers/usb/stack_interface/usb_device_udd.o
 .text._usb_on_suspend
                0x00001b60       0x34 src/ASF/sam0/drivers/usb/stack_interface/usb_device_udd.o
 .text.udd_ep_abort
                0x00001b94       0x3c src/ASF/sam0/drivers/usb/stack_interface/usb_device_udd.o
                0x00001b94                udd_ep_abort
 .text.udd_get_frame_number
                0x00001bd0       0x10 src/ASF/sam0/drivers/usb/stack_interface/usb_device_udd.o
                0x00001bd0                udd_get_frame_number
 .text.udd_ep_free
                0x00001be0       0x58 src/ASF/sam0/drivers/usb/stack_interface/usb_device_udd.o
                0x00001be0                udd_ep_free
 .text.udd_ep_alloc
                0x00001c38      0x108 src/ASF/sam0/drivers/usb/stack_interface/usb_device_udd.o
                0x00001c38                udd_ep_alloc
 .text.udd_ep_is_halted
                0x00001d40       0x14 src/ASF/sam0/drivers/usb/stack_interface/usb_device_udd.o
                0x00001d40                udd_ep_is_halted
 .text.udd_ep_set_halt
                0x00001d54       0x30 src/ASF/sam0/drivers/usb/stack_interface/usb_device_udd.o
                0x00001d54                udd_ep_set_halt
 .text._usb_ep0_on_tansfer_ok
                0x00001d84      0x100 src/ASF/sam0/drivers/usb/stack_interface/usb_device_udd.o
 .text.udd_ep_clear_halt
                0x00001e84       0x44 src/ASF/sam0/drivers/usb/stack_interface/usb_device_udd.o
                0x00001e84                udd_ep_clear_halt
 .text.udd_ep_run
                0x00001ec8      0x1d8 src/ASF/sam0/drivers/usb/stack_interface/usb_device_udd.o
                0x00001ec8                udd_ep_run
 .text.udd_set_address
                0x000020a0       0x10 src/ASF/sam0/drivers/usb/stack_interface/usb_device_udd.o
                0x000020a0                udd_set_address
 .text.udd_getaddress
                0x000020b0       0x10 src/ASF/sam0/drivers/usb/stack_interface/usb_device_udd.o
                0x000020b0                udd_getaddress
 .text.udd_set_setup_payload
                0x000020c0        0xc src/ASF/sam0/drivers/usb/stack_interface/usb_device_udd.o
                0x000020c0                udd_set_setup_payload
 .text.udd_detach
                0x000020cc       0x20 src/ASF/sam0/drivers/usb/stack_interface/usb_device_udd.o
                0x000020cc                udd_detach
 .text.udd_attach
                0x000020ec       0x84 src/ASF/sam0/drivers/usb/stack_interface/usb_device_udd.o
                0x000020ec                udd_attach
 .text.udd_enable
                0x00002170       0x9c src/ASF/sam0/drivers/usb/stack_interface/usb_device_udd.o
                0x00002170                udd_enable
 .text.udd_disable
                0x0000220c       0x50 src/ASF/sam0/drivers/usb/stack_interface/usb_device_udd.o
                0x0000220c                udd_disable
 .text.usb_dual_disable
                0x0000225c       0x14 src/ASF/sam0/drivers/usb/stack_interface/usb_dual.o
                0x0000225c                usb_dual_disable
 .text.usb_device_register_callback
                0x00002270       0x20 src/ASF/sam0/drivers/usb/usb_sam_d_r/usb.o
                0x00002270                usb_device_register_callback
 .text.usb_device_enable_callback
                0x00002290       0x20 src/ASF/sam0/drivers/usb/usb_sam_d_r/usb.o
                0x00002290                usb_device_enable_callback
 .text.usb_device_disable_callback
                0x000022b0       0x1c src/ASF/sam0/drivers/usb/usb_sam_d_r/usb.o
                0x000022b0                usb_device_disable_callback
 .text.usb_device_endpoint_register_callback
                0x000022cc       0x24 src/ASF/sam0/drivers/usb/usb_sam_d_r/usb.o
                0x000022cc                usb_device_endpoint_register_callback
 .text.usb_device_endpoint_unregister_callback
                0x000022f0       0x24 src/ASF/sam0/drivers/usb/usb_sam_d_r/usb.o
                0x000022f0                usb_device_endpoint_unregister_callback
 .text.usb_device_endpoint_enable_callback
                0x00002314       0xd0 src/ASF/sam0/drivers/usb/usb_sam_d_r/usb.o
                0x00002314                usb_device_endpoint_enable_callback
 .text.usb_device_endpoint_disable_callback
                0x000023e4       0xd0 src/ASF/sam0/drivers/usb/usb_sam_d_r/usb.o
                0x000023e4                usb_device_endpoint_disable_callback
 .text.usb_device_endpoint_get_config_defaults
                0x000024b4        0xe src/ASF/sam0/drivers/usb/usb_sam_d_r/usb.o
                0x000024b4                usb_device_endpoint_get_config_defaults
 *fill*         0x000024c2        0x2 
 .text.usb_device_endpoint_set_config
                0x000024c4      0x244 src/ASF/sam0/drivers/usb/usb_sam_d_r/usb.o
                0x000024c4                usb_device_endpoint_set_config
 .text.usb_device_endpoint_abort_job
                0x00002708       0x36 src/ASF/sam0/drivers/usb/usb_sam_d_r/usb.o
                0x00002708                usb_device_endpoint_abort_job
 .text.usb_device_endpoint_is_halted
                0x0000273e       0x2a src/ASF/sam0/drivers/usb/usb_sam_d_r/usb.o
                0x0000273e                usb_device_endpoint_is_halted
 .text.usb_device_endpoint_set_halt
                0x00002768       0x26 src/ASF/sam0/drivers/usb/usb_sam_d_r/usb.o
                0x00002768                usb_device_endpoint_set_halt
 .text.usb_device_endpoint_clear_halt
                0x0000278e       0x84 src/ASF/sam0/drivers/usb/usb_sam_d_r/usb.o
                0x0000278e                usb_device_endpoint_clear_halt
 *fill*         0x00002812        0x2 
 .text.usb_device_endpoint_write_buffer_job
                0x00002814       0x54 src/ASF/sam0/drivers/usb/usb_sam_d_r/usb.o
                0x00002814                usb_device_endpoint_write_buffer_job
 .text.usb_device_endpoint_read_buffer_job
                0x00002868       0x50 src/ASF/sam0/drivers/usb/usb_sam_d_r/usb.o
                0x00002868                usb_device_endpoint_read_buffer_job
 .text.usb_device_endpoint_setup_buffer_job
                0x000028b8       0x30 src/ASF/sam0/drivers/usb/usb_sam_d_r/usb.o
                0x000028b8                usb_device_endpoint_setup_buffer_job
 .text.usb_enable
                0x000028e8       0x14 src/ASF/sam0/drivers/usb/usb_sam_d_r/usb.o
                0x000028e8                usb_enable
 .text.USB_Handler
                0x000028fc      0x2c8 src/ASF/sam0/drivers/usb/usb_sam_d_r/usb.o
                0x000028fc                USB_Handler
 .text.usb_get_config_defaults
                0x00002bc4        0xe src/ASF/sam0/drivers/usb/usb_sam_d_r/usb.o
                0x00002bc4                usb_get_config_defaults
 *fill*         0x00002bd2        0x2 
 .text.usb_init
                0x00002bd4      0x1a8 src/ASF/sam0/drivers/usb/usb_sam_d_r/usb.o
                0x00002bd4                usb_init
 .text.Dummy_Handler
                0x00002d7c        0x2 src/ASF/sam0/utils/cmsis/samd11/source/gcc/startup_samd11.o
                0x00002d7c                DMAC_Handler
                0x00002d7c                HardFault_Handler
                0x00002d7c                TC2_Handler
                0x00002d7c                AC_Handler
                0x00002d7c                PendSV_Handler
                0x00002d7c                NMI_Handler
                0x00002d7c                SERCOM1_Handler
                0x00002d7c                ADC_Handler
                0x00002d7c                SERCOM2_Handler
                0x00002d7c                TCC0_Handler
                0x00002d7c                RTC_Handler
                0x00002d7c                WDT_Handler
                0x00002d7c                TC1_Handler
                0x00002d7c                Dummy_Handler
                0x00002d7c                PM_Handler
                0x00002d7c                SVC_Handler
                0x00002d7c                EVSYS_Handler
                0x00002d7c                NVMCTRL_Handler
                0x00002d7c                SERCOM0_Handler
                0x00002d7c                DAC_Handler
                0x00002d7c                PTC_Handler
                0x00002d7c                SYSCTRL_Handler
 *fill*         0x00002d7e        0x2 
 .text.Reset_Handler
                0x00002d80       0xe4 src/ASF/sam0/utils/cmsis/samd11/source/gcc/startup_samd11.o
                0x00002d80                Reset_Handler
 .text.SysTick_Handler
                0x00002e64        0x2 src/main.o
                0x00002e64                SysTick_Handler
 *fill*         0x00002e66        0x2 
 .text.main     0x00002e68      0x140 src/main.o
                0x00002e68                main
 .text.main_suspend_action
                0x00002fa8        0xc src/main.o
                0x00002fa8                main_suspend_action
 .text.main_resume_action
                0x00002fb4        0xc src/main.o
                0x00002fb4                main_resume_action
 .text.main_sof_action
                0x00002fc0       0x24 src/main.o
                0x00002fc0                main_sof_action
 .text.main_remotewakeup_enable
                0x00002fe4        0xc src/main.o
                0x00002fe4                main_remotewakeup_enable
 .text.main_remotewakeup_disable
                0x00002ff0        0xc src/main.o
                0x00002ff0                main_remotewakeup_disable
 .text.main_generic_enable
                0x00002ffc       0x10 src/main.o
                0x00002ffc                main_generic_enable
 .text.main_generic_disable
                0x0000300c        0xc src/main.o
                0x0000300c                main_generic_disable
 .text.main_hid_set_feature
                0x00003018       0x30 src/main.o
                0x00003018                main_hid_set_feature
 .text          0x00003048      0x114 c:/program files (x86)/atmel/studio/7.0/toolchain/arm/arm-gnu-toolchain/bin/../lib/gcc/arm-none-eabi/6.3.1/thumb/v6-m\libgcc.a(_udivsi3.o)
                0x00003048                __aeabi_uidiv
                0x00003048                __udivsi3
                0x00003154                __aeabi_uidivmod
 .text          0x0000315c      0x1d4 c:/program files (x86)/atmel/studio/7.0/toolchain/arm/arm-gnu-toolchain/bin/../lib/gcc/arm-none-eabi/6.3.1/thumb/v6-m\libgcc.a(_divsi3.o)
                0x0000315c                __divsi3
                0x0000315c                __aeabi_idiv
                0x00003328                __aeabi_idivmod
 .text          0x00003330        0x4 c:/program files (x86)/atmel/studio/7.0/toolchain/arm/arm-gnu-toolchain/bin/../lib/gcc/arm-none-eabi/6.3.1/thumb/v6-m\libgcc.a(_dvmd_tls.o)
                0x00003330                __aeabi_idiv0
                0x00003330                __aeabi_ldiv0
 .text.__libc_init_array
                0x00003334       0x48 c:/program files (x86)/atmel/studio/7.0/toolchain/arm/arm-gnu-toolchain/bin/../lib/gcc/arm-none-eabi/6.3.1/../../../../arm-none-eabi/lib/thumb/v6-m\libc_nano.a(lib_a-init.o)
                0x00003334                __libc_init_array
 .text.memcpy   0x0000337c       0x12 c:/program files (x86)/atmel/studio/7.0/toolchain/arm/arm-gnu-toolchain/bin/../lib/gcc/arm-none-eabi/6.3.1/../../../../arm-none-eabi/lib/thumb/v6-m\libc_nano.a(lib_a-memcpy-stub.o)
                0x0000337c                memcpy
 .text.memset   0x0000338e       0x10 c:/program files (x86)/atmel/studio/7.0/toolchain/arm/arm-gnu-toolchain/bin/../lib/gcc/arm-none-eabi/6.3.1/../../../../arm-none-eabi/lib/thumb/v6-m\libc_nano.a(lib_a-memset.o)
                0x0000338e                memset
 *(.glue_7t)
 .glue_7t       0x0000339e        0x0 linker stubs
 *(.glue_7)
 .glue_7        0x0000339e        0x0 linker stubs
 *(.rodata .rodata* .gnu.linkonce.r.*)
 *fill*         0x0000339e        0x2 
 .rodata.system_clock_source_get_hz
                0x000033a0       0x24 src/ASF/sam0/drivers/system/clock/clock_samd09_d10_d11/clock.o
 .rodata.system_clock_source_enable
                0x000033c4       0x24 src/ASF/sam0/drivers/system/clock/clock_samd09_d10_d11/clock.o
 .rodata.usb_device_endpoint_set_config
                0x000033e8       0x14 src/ASF/sam0/drivers/usb/usb_sam_d_r/usb.o
 .rodata._usb_device_irq_bits
                0x000033fc        0xe src/ASF/sam0/drivers/usb/usb_sam_d_r/usb.o
 *fill*         0x0000340a        0x2 
 .rodata._usb_endpoint_irq_bits
                0x0000340c        0x4 src/ASF/sam0/drivers/usb/usb_sam_d_r/usb.o
 *(.ARM.extab* .gnu.linkonce.armextab.*)
                0x00003410                . = ALIGN (0x4)
 *(.init)
 .init          0x00003410        0x4 c:/program files (x86)/atmel/studio/7.0/toolchain/arm/arm-gnu-toolchain/bin/../lib/gcc/arm-none-eabi/6.3.1/thumb/v6-m/crti.o
                0x00003410                _init
 .init          0x00003414        0x8 c:/program files (x86)/atmel/studio/7.0/toolchain/arm/arm-gnu-toolchain/bin/../lib/gcc/arm-none-eabi/6.3.1/thumb/v6-m/crtn.o
                0x0000341c                . = ALIGN (0x4)
                0x0000341c                __preinit_array_start = .
 *(.preinit_array)
                0x0000341c                __preinit_array_end = .
                0x0000341c                . = ALIGN (0x4)
                0x0000341c                __init_array_start = .
 *(SORT(.init_array.*))
 *(.init_array)
 .init_array    0x0000341c        0x4 c:/program files (x86)/atmel/studio/7.0/toolchain/arm/arm-gnu-toolchain/bin/../lib/gcc/arm-none-eabi/6.3.1/thumb/v6-m/crtbegin.o
                0x00003420                __init_array_end = .
                0x00003420                . = ALIGN (0x4)
 *crtbegin.o(.ctors)
 *(EXCLUDE_FILE(*crtend.o) .ctors)
 *(SORT(.ctors.*))
 *crtend.o(.ctors)
                0x00003420                . = ALIGN (0x4)
 *(.fini)
 .fini          0x00003420        0x4 c:/program files (x86)/atmel/studio/7.0/toolchain/arm/arm-gnu-toolchain/bin/../lib/gcc/arm-none-eabi/6.3.1/thumb/v6-m/crti.o
                0x00003420                _fini
 .fini          0x00003424        0x8 c:/program files (x86)/atmel/studio/7.0/toolchain/arm/arm-gnu-toolchain/bin/../lib/gcc/arm-none-eabi/6.3.1/thumb/v6-m/crtn.o
                0x0000342c                . = ALIGN (0x4)
                0x0000342c                __fini_array_start = .
 *(.fini_array)
 .fini_array    0x0000342c        0x4 c:/program files (x86)/atmel/studio/7.0/toolchain/arm/arm-gnu-toolchain/bin/../lib/gcc/arm-none-eabi/6.3.1/thumb/v6-m/crtbegin.o
 *(SORT(.fini_array.*))
                0x00003430                __fini_array_end = .
 *crtbegin.o(.dtors)
 *(EXCLUDE_FILE(*crtend.o) .dtors)
 *(SORT(.dtors.*))
 *crtend.o(.dtors)
                0x00003430                . = ALIGN (0x4)
                0x00003430                _efixed = .
                [!provide]                PROVIDE (__exidx_start, .)

.vfp11_veneer   0x00003430        0x0
 .vfp11_veneer  0x00003430        0x0 linker stubs

.v4_bx          0x00003430        0x0
 .v4_bx         0x00003430        0x0 linker stubs

.iplt           0x00003430        0x0
 .iplt          0x00003430        0x0 c:/program files (x86)/atmel/studio/7.0/toolchain/arm/arm-gnu-toolchain/bin/../lib/gcc/arm-none-eabi/6.3.1/thumb/v6-m/crtbegin.o

.eh_frame       0x00003430        0x0
 .eh_frame      0x00003430        0x0 c:/program files (x86)/atmel/studio/7.0/toolchain/arm/arm-gnu-toolchain/bin/../lib/gcc/arm-none-eabi/6.3.1/thumb/v6-m/crtbegin.o

.rel.dyn        0x00003430        0x0
 .rel.iplt      0x00003430        0x0 c:/program files (x86)/atmel/studio/7.0/toolchain/arm/arm-gnu-toolchain/bin/../lib/gcc/arm-none-eabi/6.3.1/thumb/v6-m/crtbegin.o

.jcr            0x00003430        0x0
 .jcr           0x00003430        0x0 c:/program files (x86)/atmel/studio/7.0/toolchain/arm/arm-gnu-toolchain/bin/../lib/gcc/arm-none-eabi/6.3.1/thumb/v6-m/crtbegin.o

.igot.plt       0x00003430        0x0
 .igot.plt      0x00003430        0x0 c:/program files (x86)/atmel/studio/7.0/toolchain/arm/arm-gnu-toolchain/bin/../lib/gcc/arm-none-eabi/6.3.1/thumb/v6-m/crtbegin.o

.ARM.exidx
 *(.ARM.exidx* .gnu.linkonce.armexidx.*)
                [!provide]                PROVIDE (__exidx_end, .)
                0x00003430                . = ALIGN (0x4)
                0x00003430                _etext = .

.relocate       0x20000000       0xe0 load address 0x00003430
                0x20000000                . = ALIGN (0x4)
                0x20000000                _srelocate = .
 *(.ramfunc .ramfunc.*)
 *(.data .data.*)
 .data.ui_b_led_blink
                0x20000000        0x1 src/ASF/common/services/usb/class/hid/device/generic/example/samd11d14a_samd11_xplained_pro/ui.o
 *fill*         0x20000001        0x3 
 .data.udi_api_hid_generic
                0x20000004       0x14 src/ASF/common/services/usb/class/hid/device/generic/udi_hid_generic.o
                0x20000004                udi_api_hid_generic
 .data.udi_hid_generic_report_desc
                0x20000018       0x39 src/ASF/common/services/usb/class/hid/device/generic/udi_hid_generic.o
                0x20000018                udi_hid_generic_report_desc
 *fill*         0x20000051        0x3 
 .data.udc_config
                0x20000054        0xc src/ASF/common/services/usb/class/hid/device/generic/udi_hid_generic_desc.o
                0x20000054                udc_config
 .data.udc_config_fshs
                0x20000060        0x8 src/ASF/common/services/usb/class/hid/device/generic/udi_hid_generic_desc.o
                0x20000060                udc_config_fshs
 .data.udc_desc
                0x20000068       0x29 src/ASF/common/services/usb/class/hid/device/generic/udi_hid_generic_desc.o
                0x20000068                udc_desc
 *fill*         0x20000091        0x3 
 .data.udc_device_desc
                0x20000094       0x12 src/ASF/common/services/usb/class/hid/device/generic/udi_hid_generic_desc.o
                0x20000094                udc_device_desc
 *fill*         0x200000a6        0x2 
 .data.udi_apis
                0x200000a8        0x4 src/ASF/common/services/usb/class/hid/device/generic/udi_hid_generic_desc.o
                0x200000a8                udi_apis
 .data.udc_string_desc
                0x200000ac       0x16 src/ASF/common/services/usb/udc/udc.o
 *fill*         0x200000c2        0x2 
 .data.udc_string_desc_languageid
                0x200000c4        0x4 src/ASF/common/services/usb/udc/udc.o
 .data.udc_string_manufacturer_name
                0x200000c8        0xb src/ASF/common/services/usb/udc/udc.o
 *fill*         0x200000d3        0x1 
 .data.udc_string_product_name
                0x200000d4        0xb src/ASF/common/services/usb/udc/udc.o
 .data.g_interrupt_enabled
                0x200000df        0x1 src/ASF/common/utils/interrupt/interrupt_sam_nvic.o
                0x200000df                g_interrupt_enabled
                0x200000e0                . = ALIGN (0x4)
                0x200000e0                _erelocate = .

.bss            0x200000e0      0x37c load address 0x00003510
                0x200000e0                . = ALIGN (0x4)
                0x200000e0                _sbss = .
                0x200000e0                _szero = .
 *(.bss .bss.*)
 .bss           0x200000e0       0x1c c:/program files (x86)/atmel/studio/7.0/toolchain/arm/arm-gnu-toolchain/bin/../lib/gcc/arm-none-eabi/6.3.1/thumb/v6-m/crtbegin.o
 .bss.buttonPresses
                0x200000fc        0x1 src/ASF/common/services/usb/class/hid/device/generic/example/samd11d14a_samd11_xplained_pro/ui.o
 .bss.cpt_sof.12345
                0x200000fd        0x1 src/ASF/common/services/usb/class/hid/device/generic/example/samd11d14a_samd11_xplained_pro/ui.o
 .bss.hatPresses
                0x200000fe        0x1 src/ASF/common/services/usb/class/hid/device/generic/example/samd11d14a_samd11_xplained_pro/ui.o
 *fill*         0x200000ff        0x1 
 .bss.ui_hid_report
                0x20000100        0x2 src/ASF/common/services/usb/class/hid/device/generic/example/samd11d14a_samd11_xplained_pro/ui.o
 .bss.udi_hid_generic_b_report_in_free
                0x20000102        0x1 src/ASF/common/services/usb/class/hid/device/generic/udi_hid_generic.o
 *fill*         0x20000103        0x1 
 .bss.udi_hid_generic_protocol
                0x20000104        0x1 src/ASF/common/services/usb/class/hid/device/generic/udi_hid_generic.o
 *fill*         0x20000105        0x3 
 .bss.udi_hid_generic_rate
                0x20000108        0x1 src/ASF/common/services/usb/class/hid/device/generic/udi_hid_generic.o
 *fill*         0x20000109        0x3 
 .bss.udi_hid_generic_report_feature
                0x2000010c        0x4 src/ASF/common/services/usb/class/hid/device/generic/udi_hid_generic.o
 .bss.udi_hid_generic_report_in
                0x20000110        0x2 src/ASF/common/services/usb/class/hid/device/generic/udi_hid_generic.o
 *fill*         0x20000112        0x2 
 .bss.udi_hid_generic_report_out
                0x20000114        0x8 src/ASF/common/services/usb/class/hid/device/generic/udi_hid_generic.o
 .bss.udc_device_status
                0x2000011c        0x2 src/ASF/common/services/usb/udc/udc.o
 .bss.udc_ep_status.11428
                0x2000011e        0x2 src/ASF/common/services/usb/udc/udc.o
 .bss.udc_iface_setting
                0x20000120        0x1 src/ASF/common/services/usb/udc/udc.o
 *fill*         0x20000121        0x3 
 .bss.udc_num_configuration
                0x20000124        0x1 src/ASF/common/services/usb/udc/udc.o
 *fill*         0x20000125        0x3 
 .bss.udc_ptr_conf
                0x20000128        0x4 src/ASF/common/services/usb/udc/udc.o
 .bss.udc_ptr_iface
                0x2000012c        0x4 src/ASF/common/services/usb/udc/udc.o
 .bss.cpu_irq_critical_section_counter
                0x20000130        0x4 src/ASF/common/utils/interrupt/interrupt_sam_nvic.o
 .bss.cpu_irq_prev_interrupt_state
                0x20000134        0x1 src/ASF/common/utils/interrupt/interrupt_sam_nvic.o
 *fill*         0x20000135        0x3 
 .bss._system_clock_inst
                0x20000138       0x18 src/ASF/sam0/drivers/system/clock/clock_samd09_d10_d11/clock.o
 .bss.b_shortpacket.12642
                0x20000150        0x1 src/ASF/sam0/drivers/usb/stack_interface/usb_device_udd.o
 *fill*         0x20000151        0x1 
 .bss.udd_ctrl_payload_nb_trans
                0x20000152        0x2 src/ASF/sam0/drivers/usb/stack_interface/usb_device_udd.o
 .bss.udd_ctrl_prev_payload_nb_trans
                0x20000154        0x2 src/ASF/sam0/drivers/usb/stack_interface/usb_device_udd.o
 .bss.udd_ep_control_state
                0x20000156        0x1 src/ASF/sam0/drivers/usb/stack_interface/usb_device_udd.o
 *fill*         0x20000157        0x1 
 .bss.udd_ep_job
                0x20000158       0x50 src/ASF/sam0/drivers/usb/stack_interface/usb_device_udd.o
 .bss.udd_state.12499
                0x200001a8        0x1 src/ASF/sam0/drivers/usb/stack_interface/usb_device_udd.o
 .bss._initialized
                0x200001a9        0x1 src/ASF/sam0/drivers/usb/stack_interface/usb_dual.o
 *fill*         0x200001aa        0x2 
 .bss._usb_instances
                0x200001ac        0x4 src/ASF/sam0/drivers/usb/usb_sam_d_r/usb.o
 .bss.device_callback_lpm_wakeup_enable
                0x200001b0        0x4 src/ASF/sam0/drivers/usb/usb_sam_d_r/usb.o
 .bss.ep_callback_para
                0x200001b4        0x8 src/ASF/sam0/drivers/usb/usb_sam_d_r/usb.o
 .bss.main_b_generic_enable
                0x200001bc        0x1 src/main.o
 *(COMMON)
 *fill*         0x200001bd        0x3 
 COMMON         0x200001c0        0x5 src/ASF/common/services/sleepmgr/samd/sleepmgr.o
                0x200001c0                sleepmgr_locks
 COMMON         0x200001c5        0x1 src/ASF/sam0/drivers/extint/extint_callback.o
                0x200001c5                _current_channel
 *fill*         0x200001c6        0x2 
 COMMON         0x200001c8       0x40 src/ASF/sam0/drivers/extint/extint_sam_d_r_h/extint.o
                0x200001c8                _extint_dev
 COMMON         0x20000208      0x154 src/ASF/sam0/drivers/usb/stack_interface/usb_device_udd.o
                0x20000208                udd_ep_out_cache_buffer
                0x20000288                usb_device
                0x2000033c                udd_g_ctrlreq
                0x20000354                udd_ctrl_buffer
 COMMON         0x2000035c      0x100 src/ASF/sam0/drivers/usb/usb_sam_d_r/usb.o
                0x2000035c                usb_descriptor_table
                0x2000045c                . = ALIGN (0x4)
                0x2000045c                _ebss = .
                0x2000045c                _ezero = .

.stack          0x2000045c      0x604 load address 0x0000388c
                0x20000460                . = ALIGN (0x8)
 *fill*         0x2000045c        0x4 
                0x20000460                _sstack = .
                0x20000a60                . = (. + STACK_SIZE)
 *fill*         0x20000460      0x600 
                0x20000a60                . = ALIGN (0x8)
                0x20000a60                _estack = .
                0x20000a60                . = ALIGN (0x4)
                0x20000a60                _end = .
OUTPUT(GameBoi PAD.elf elf32-littlearm)

.ARM.attributes
                0x00000000       0x28
 .ARM.attributes
                0x00000000       0x1e c:/program files (x86)/atmel/studio/7.0/toolchain/arm/arm-gnu-toolchain/bin/../lib/gcc/arm-none-eabi/6.3.1/thumb/v6-m/crti.o
 .ARM.attributes
                0x0000001e       0x2c c:/program files (x86)/atmel/studio/7.0/toolchain/arm/arm-gnu-toolchain/bin/../lib/gcc/arm-none-eabi/6.3.1/thumb/v6-m/crtbegin.o
 .ARM.attributes
                0x0000004a       0x32 src/ASF/common/services/usb/class/hid/device/generic/example/samd11d14a_samd11_xplained_pro/ui.o
 .ARM.attributes
                0x0000007c       0x32 src/ASF/common/services/sleepmgr/samd/sleepmgr.o
 .ARM.attributes
                0x000000ae       0x32 src/ASF/common/services/usb/class/hid/device/generic/udi_hid_generic.o
 .ARM.attributes
                0x000000e0       0x32 src/ASF/common/services/usb/class/hid/device/generic/udi_hid_generic_desc.o
 .ARM.attributes
                0x00000112       0x32 src/ASF/common/services/usb/class/hid/device/udi_hid.o
 .ARM.attributes
                0x00000144       0x32 src/ASF/common/services/usb/udc/udc.o
 .ARM.attributes
                0x00000176       0x32 src/ASF/common/utils/interrupt/interrupt_sam_nvic.o
 .ARM.attributes
                0x000001a8       0x32 src/ASF/sam0/boards/samd11_xplained_pro/board_init.o
 .ARM.attributes
                0x000001da       0x32 src/ASF/sam0/drivers/extint/extint_callback.o
 .ARM.attributes
                0x0000020c       0x32 src/ASF/sam0/drivers/extint/extint_sam_d_r_h/extint.o
 .ARM.attributes
                0x0000023e       0x32 src/ASF/sam0/drivers/port/port.o
 .ARM.attributes
                0x00000270       0x32 src/ASF/sam0/drivers/system/clock/clock_samd09_d10_d11/clock.o
 .ARM.attributes
                0x000002a2       0x32 src/ASF/sam0/drivers/system/clock/clock_samd09_d10_d11/gclk.o
 .ARM.attributes
                0x000002d4       0x32 src/ASF/sam0/drivers/system/pinmux/pinmux.o
 .ARM.attributes
                0x00000306       0x32 src/ASF/sam0/drivers/system/system.o
 .ARM.attributes
                0x00000338       0x32 src/ASF/sam0/drivers/usb/stack_interface/usb_device_udd.o
 .ARM.attributes
                0x0000036a       0x32 src/ASF/sam0/drivers/usb/stack_interface/usb_dual.o
 .ARM.attributes
                0x0000039c       0x32 src/ASF/sam0/drivers/usb/usb_sam_d_r/usb.o
 .ARM.attributes
                0x000003ce       0x32 src/ASF/sam0/utils/cmsis/samd11/source/gcc/startup_samd11.o
 .ARM.attributes
                0x00000400       0x32 src/main.o
 .ARM.attributes
                0x00000432       0x1e c:/program files (x86)/atmel/studio/7.0/toolchain/arm/arm-gnu-toolchain/bin/../lib/gcc/arm-none-eabi/6.3.1/thumb/v6-m\libgcc.a(_udivsi3.o)
 .ARM.attributes
                0x00000450       0x1e c:/program files (x86)/atmel/studio/7.0/toolchain/arm/arm-gnu-toolchain/bin/../lib/gcc/arm-none-eabi/6.3.1/thumb/v6-m\libgcc.a(_divsi3.o)
 .ARM.attributes
                0x0000046e       0x1e c:/program files (x86)/atmel/studio/7.0/toolchain/arm/arm-gnu-toolchain/bin/../lib/gcc/arm-none-eabi/6.3.1/thumb/v6-m\libgcc.a(_dvmd_tls.o)
 .ARM.attributes
                0x0000048c       0x2c c:/program files (x86)/atmel/studio/7.0/toolchain/arm/arm-gnu-toolchain/bin/../lib/gcc/arm-none-eabi/6.3.1/../../../../arm-none-eabi/lib/thumb/v6-m\libc_nano.a(lib_a-init.o)
 .ARM.attributes
                0x000004b8       0x2c c:/program files (x86)/atmel/studio/7.0/toolchain/arm/arm-gnu-toolchain/bin/../lib/gcc/arm-none-eabi/6.3.1/../../../../arm-none-eabi/lib/thumb/v6-m\libc_nano.a(lib_a-memcpy-stub.o)
 .ARM.attributes
                0x000004e4       0x2c c:/program files (x86)/atmel/studio/7.0/toolchain/arm/arm-gnu-toolchain/bin/../lib/gcc/arm-none-eabi/6.3.1/../../../../arm-none-eabi/lib/thumb/v6-m\libc_nano.a(lib_a-memset.o)
 .ARM.attributes
                0x00000510       0x1e c:/program files (x86)/atmel/studio/7.0/toolchain/arm/arm-gnu-toolchain/bin/../lib/gcc/arm-none-eabi/6.3.1/thumb/v6-m/crtn.o

.comment        0x00000000       0x59
 .comment       0x00000000       0x59 src/ASF/common/services/usb/class/hid/device/generic/example/samd11d14a_samd11_xplained_pro/ui.o
                                 0x5a (size before relaxing)
 .comment       0x00000059       0x5a src/ASF/common/services/sleepmgr/samd/sleepmgr.o
 .comment       0x00000059       0x5a src/ASF/common/services/usb/class/hid/device/generic/udi_hid_generic.o
 .comment       0x00000059       0x5a src/ASF/common/services/usb/class/hid/device/generic/udi_hid_generic_desc.o
 .comment       0x00000059       0x5a src/ASF/common/services/usb/class/hid/device/udi_hid.o
 .comment       0x00000059       0x5a src/ASF/common/services/usb/udc/udc.o
 .comment       0x00000059       0x5a src/ASF/common/utils/interrupt/interrupt_sam_nvic.o
 .comment       0x00000059       0x5a src/ASF/sam0/boards/samd11_xplained_pro/board_init.o
 .comment       0x00000059       0x5a src/ASF/sam0/drivers/extint/extint_callback.o
 .comment       0x00000059       0x5a src/ASF/sam0/drivers/extint/extint_sam_d_r_h/extint.o
 .comment       0x00000059       0x5a src/ASF/sam0/drivers/port/port.o
 .comment       0x00000059       0x5a src/ASF/sam0/drivers/system/clock/clock_samd09_d10_d11/clock.o
 .comment       0x00000059       0x5a src/ASF/sam0/drivers/system/clock/clock_samd09_d10_d11/gclk.o
 .comment       0x00000059       0x5a src/ASF/sam0/drivers/system/pinmux/pinmux.o
 .comment       0x00000059       0x5a src/ASF/sam0/drivers/system/system.o
 .comment       0x00000059       0x5a src/ASF/sam0/drivers/usb/stack_interface/usb_device_udd.o
 .comment       0x00000059       0x5a src/ASF/sam0/drivers/usb/stack_interface/usb_dual.o
 .comment       0x00000059       0x5a src/ASF/sam0/drivers/usb/usb_sam_d_r/usb.o
 .comment       0x00000059       0x5a src/ASF/sam0/utils/cmsis/samd11/source/gcc/startup_samd11.o
 .comment       0x00000059       0x5a src/main.o

.debug_info     0x00000000    0x24ac8
 .debug_info    0x00000000     0x1c14 src/ASF/common/services/usb/class/hid/device/generic/example/samd11d14a_samd11_xplained_pro/ui.o
 .debug_info    0x00001c14      0xa8e src/ASF/common/services/sleepmgr/samd/sleepmgr.o
 .debug_info    0x000026a2     0x136b src/ASF/common/services/usb/class/hid/device/generic/udi_hid_generic.o
 .debug_info    0x00003a0d     0x1128 src/ASF/common/services/usb/class/hid/device/generic/udi_hid_generic_desc.o
 .debug_info    0x00004b35     0x1001 src/ASF/common/services/usb/class/hid/device/udi_hid.o
 .debug_info    0x00005b36     0x1ac5 src/ASF/common/services/usb/udc/udc.o
 .debug_info    0x000075fb      0xb05 src/ASF/common/utils/interrupt/interrupt_sam_nvic.o
 .debug_info    0x00008100     0x13ca src/ASF/sam0/boards/samd11_xplained_pro/board_init.o
 .debug_info    0x000094ca     0x16d7 src/ASF/sam0/drivers/extint/extint_callback.o
 .debug_info    0x0000aba1     0x278b src/ASF/sam0/drivers/extint/extint_sam_d_r_h/extint.o
 .debug_info    0x0000d32c     0x12b6 src/ASF/sam0/drivers/port/port.o
 .debug_info    0x0000e5e2     0x3799 src/ASF/sam0/drivers/system/clock/clock_samd09_d10_d11/clock.o
 .debug_info    0x00011d7b     0x1e70 src/ASF/sam0/drivers/system/clock/clock_samd09_d10_d11/gclk.o
 .debug_info    0x00013beb     0x13f2 src/ASF/sam0/drivers/system/pinmux/pinmux.o
 .debug_info    0x00014fdd      0xa73 src/ASF/sam0/drivers/system/system.o
 .debug_info    0x00015a50     0x5504 src/ASF/sam0/drivers/usb/stack_interface/usb_device_udd.o
 .debug_info    0x0001af54      0xe9a src/ASF/sam0/drivers/usb/stack_interface/usb_dual.o
 .debug_info    0x0001bdee     0x37f7 src/ASF/sam0/drivers/usb/usb_sam_d_r/usb.o
 .debug_info    0x0001f5e5     0x2bd9 src/ASF/sam0/utils/cmsis/samd11/source/gcc/startup_samd11.o
 .debug_info    0x000221be     0x290a src/main.o

.debug_abbrev   0x00000000     0x4159
 .debug_abbrev  0x00000000      0x36f src/ASF/common/services/usb/class/hid/device/generic/example/samd11d14a_samd11_xplained_pro/ui.o
 .debug_abbrev  0x0000036f      0x1b2 src/ASF/common/services/sleepmgr/samd/sleepmgr.o
 .debug_abbrev  0x00000521      0x405 src/ASF/common/services/usb/class/hid/device/generic/udi_hid_generic.o
 .debug_abbrev  0x00000926      0x1c7 src/ASF/common/services/usb/class/hid/device/generic/udi_hid_generic_desc.o
 .debug_abbrev  0x00000aed      0x24e src/ASF/common/services/usb/class/hid/device/udi_hid.o
 .debug_abbrev  0x00000d3b      0x3fc src/ASF/common/services/usb/udc/udc.o
 .debug_abbrev  0x00001137      0x23b src/ASF/common/utils/interrupt/interrupt_sam_nvic.o
 .debug_abbrev  0x00001372      0x2cf src/ASF/sam0/boards/samd11_xplained_pro/board_init.o
 .debug_abbrev  0x00001641      0x333 src/ASF/sam0/drivers/extint/extint_callback.o
 .debug_abbrev  0x00001974      0x4b4 src/ASF/sam0/drivers/extint/extint_sam_d_r_h/extint.o
 .debug_abbrev  0x00001e28      0x298 src/ASF/sam0/drivers/port/port.o
 .debug_abbrev  0x000020c0      0x493 src/ASF/sam0/drivers/system/clock/clock_samd09_d10_d11/clock.o
 .debug_abbrev  0x00002553      0x40d src/ASF/sam0/drivers/system/clock/clock_samd09_d10_d11/gclk.o
 .debug_abbrev  0x00002960      0x354 src/ASF/sam0/drivers/system/pinmux/pinmux.o
 .debug_abbrev  0x00002cb4      0x1e1 src/ASF/sam0/drivers/system/system.o
 .debug_abbrev  0x00002e95      0x607 src/ASF/sam0/drivers/usb/stack_interface/usb_device_udd.o
 .debug_abbrev  0x0000349c      0x1e1 src/ASF/sam0/drivers/usb/stack_interface/usb_dual.o
 .debug_abbrev  0x0000367d      0x462 src/ASF/sam0/drivers/usb/usb_sam_d_r/usb.o
 .debug_abbrev  0x00003adf      0x234 src/ASF/sam0/utils/cmsis/samd11/source/gcc/startup_samd11.o
 .debug_abbrev  0x00003d13      0x446 src/main.o

.debug_loc      0x00000000     0x5516
 .debug_loc     0x00000000      0x523 src/ASF/common/services/usb/class/hid/device/generic/example/samd11d14a_samd11_xplained_pro/ui.o
 .debug_loc     0x00000523      0x20c src/ASF/common/services/usb/class/hid/device/generic/udi_hid_generic.o
 .debug_loc     0x0000072f      0x247 src/ASF/common/services/usb/class/hid/device/udi_hid.o
 .debug_loc     0x00000976      0x4ac src/ASF/common/services/usb/udc/udc.o
 .debug_loc     0x00000e22       0xd4 src/ASF/sam0/boards/samd11_xplained_pro/board_init.o
 .debug_loc     0x00000ef6      0x2ac src/ASF/sam0/drivers/extint/extint_callback.o
 .debug_loc     0x000011a2      0x43d src/ASF/sam0/drivers/extint/extint_sam_d_r_h/extint.o
 .debug_loc     0x000015df      0x13d src/ASF/sam0/drivers/port/port.o
 .debug_loc     0x0000171c      0xf4d src/ASF/sam0/drivers/system/clock/clock_samd09_d10_d11/clock.o
 .debug_loc     0x00002669      0x504 src/ASF/sam0/drivers/system/clock/clock_samd09_d10_d11/gclk.o
 .debug_loc     0x00002b6d      0x36d src/ASF/sam0/drivers/system/pinmux/pinmux.o
 .debug_loc     0x00002eda       0x20 src/ASF/sam0/drivers/system/system.o
 .debug_loc     0x00002efa     0x12d3 src/ASF/sam0/drivers/usb/stack_interface/usb_device_udd.o
 .debug_loc     0x000041cd     0x1056 src/ASF/sam0/drivers/usb/usb_sam_d_r/usb.o
 .debug_loc     0x00005223       0x40 src/ASF/sam0/utils/cmsis/samd11/source/gcc/startup_samd11.o
 .debug_loc     0x00005263      0x2b3 src/main.o

.debug_aranges  0x00000000      0x690
 .debug_aranges
                0x00000000       0x50 src/ASF/common/services/usb/class/hid/device/generic/example/samd11d14a_samd11_xplained_pro/ui.o
 .debug_aranges
                0x00000050       0x18 src/ASF/common/services/sleepmgr/samd/sleepmgr.o
 .debug_aranges
                0x00000068       0x68 src/ASF/common/services/usb/class/hid/device/generic/udi_hid_generic.o
 .debug_aranges
                0x000000d0       0x18 src/ASF/common/services/usb/class/hid/device/generic/udi_hid_generic_desc.o
 .debug_aranges
                0x000000e8       0x20 src/ASF/common/services/usb/class/hid/device/udi_hid.o
 .debug_aranges
                0x00000108       0x70 src/ASF/common/services/usb/udc/udc.o
 .debug_aranges
                0x00000178       0x28 src/ASF/common/utils/interrupt/interrupt_sam_nvic.o
 .debug_aranges
                0x000001a0       0x20 src/ASF/sam0/boards/samd11_xplained_pro/board_init.o
 .debug_aranges
                0x000001c0       0x48 src/ASF/sam0/drivers/extint/extint_callback.o
 .debug_aranges
                0x00000208       0x50 src/ASF/sam0/drivers/extint/extint_sam_d_r_h/extint.o
 .debug_aranges
                0x00000258       0x28 src/ASF/sam0/drivers/port/port.o
 .debug_aranges
                0x00000280       0x78 src/ASF/sam0/drivers/system/clock/clock_samd09_d10_d11/clock.o
 .debug_aranges
                0x000002f8       0x80 src/ASF/sam0/drivers/system/clock/clock_samd09_d10_d11/gclk.o
 .debug_aranges
                0x00000378       0x40 src/ASF/sam0/drivers/system/pinmux/pinmux.o
 .debug_aranges
                0x000003b8       0x28 src/ASF/sam0/drivers/system/system.o
 .debug_aranges
                0x000003e0      0x128 src/ASF/sam0/drivers/usb/stack_interface/usb_device_udd.o
 .debug_aranges
                0x00000508       0x28 src/ASF/sam0/drivers/usb/stack_interface/usb_dual.o
 .debug_aranges
                0x00000530       0xd0 src/ASF/sam0/drivers/usb/usb_sam_d_r/usb.o
 .debug_aranges
                0x00000600       0x28 src/ASF/sam0/utils/cmsis/samd11/source/gcc/startup_samd11.o
 .debug_aranges
                0x00000628       0x68 src/main.o

.debug_ranges   0x00000000      0x708
 .debug_ranges  0x00000000       0x40 src/ASF/common/services/usb/class/hid/device/generic/example/samd11d14a_samd11_xplained_pro/ui.o
 .debug_ranges  0x00000040       0x58 src/ASF/common/services/usb/class/hid/device/generic/udi_hid_generic.o
 .debug_ranges  0x00000098       0x10 src/ASF/common/services/usb/class/hid/device/udi_hid.o
 .debug_ranges  0x000000a8       0xd0 src/ASF/common/services/usb/udc/udc.o
 .debug_ranges  0x00000178       0x18 src/ASF/common/utils/interrupt/interrupt_sam_nvic.o
 .debug_ranges  0x00000190       0x10 src/ASF/sam0/boards/samd11_xplained_pro/board_init.o
 .debug_ranges  0x000001a0       0x90 src/ASF/sam0/drivers/extint/extint_callback.o
 .debug_ranges  0x00000230       0x40 src/ASF/sam0/drivers/extint/extint_sam_d_r_h/extint.o
 .debug_ranges  0x00000270       0x18 src/ASF/sam0/drivers/port/port.o
 .debug_ranges  0x00000288       0x68 src/ASF/sam0/drivers/system/clock/clock_samd09_d10_d11/clock.o
 .debug_ranges  0x000002f0       0x88 src/ASF/sam0/drivers/system/clock/clock_samd09_d10_d11/gclk.o
 .debug_ranges  0x00000378       0x30 src/ASF/sam0/drivers/system/pinmux/pinmux.o
 .debug_ranges  0x000003a8       0x18 src/ASF/sam0/drivers/system/system.o
 .debug_ranges  0x000003c0      0x1a8 src/ASF/sam0/drivers/usb/stack_interface/usb_device_udd.o
 .debug_ranges  0x00000568       0x18 src/ASF/sam0/drivers/usb/stack_interface/usb_dual.o
 .debug_ranges  0x00000580       0xc0 src/ASF/sam0/drivers/usb/usb_sam_d_r/usb.o
 .debug_ranges  0x00000640       0x18 src/ASF/sam0/utils/cmsis/samd11/source/gcc/startup_samd11.o
 .debug_ranges  0x00000658       0xb0 src/main.o

.debug_macro    0x00000000    0x19005
 .debug_macro   0x00000000      0x6ac src/ASF/common/services/usb/class/hid/device/generic/example/samd11d14a_samd11_xplained_pro/ui.o
 .debug_macro   0x000006ac      0x8c2 src/ASF/common/services/usb/class/hid/device/generic/example/samd11d14a_samd11_xplained_pro/ui.o
 .debug_macro   0x00000f6e      0x16d src/ASF/common/services/usb/class/hid/device/generic/example/samd11d14a_samd11_xplained_pro/ui.o
 .debug_macro   0x000010db      0x71d src/ASF/common/services/usb/class/hid/device/generic/example/samd11d14a_samd11_xplained_pro/ui.o
 .debug_macro   0x000017f8       0x22 src/ASF/common/services/usb/class/hid/device/generic/example/samd11d14a_samd11_xplained_pro/ui.o
 .debug_macro   0x0000181a       0x87 src/ASF/common/services/usb/class/hid/device/generic/example/samd11d14a_samd11_xplained_pro/ui.o
 .debug_macro   0x000018a1       0x51 src/ASF/common/services/usb/class/hid/device/generic/example/samd11d14a_samd11_xplained_pro/ui.o
 .debug_macro   0x000018f2       0xef src/ASF/common/services/usb/class/hid/device/generic/example/samd11d14a_samd11_xplained_pro/ui.o
 .debug_macro   0x000019e1       0x6a src/ASF/common/services/usb/class/hid/device/generic/example/samd11d14a_samd11_xplained_pro/ui.o
 .debug_macro   0x00001a4b      0x1df src/ASF/common/services/usb/class/hid/device/generic/example/samd11d14a_samd11_xplained_pro/ui.o
 .debug_macro   0x00001c2a       0x10 src/ASF/common/services/usb/class/hid/device/generic/example/samd11d14a_samd11_xplained_pro/ui.o
 .debug_macro   0x00001c3a       0x76 src/ASF/common/services/usb/class/hid/device/generic/example/samd11d14a_samd11_xplained_pro/ui.o
 .debug_macro   0x00001cb0       0x16 src/ASF/common/services/usb/class/hid/device/generic/example/samd11d14a_samd11_xplained_pro/ui.o
 .debug_macro   0x00001cc6      0x6db src/ASF/common/services/usb/class/hid/device/generic/example/samd11d14a_samd11_xplained_pro/ui.o
 .debug_macro   0x000023a1      0xdd8 src/ASF/common/services/usb/class/hid/device/generic/example/samd11d14a_samd11_xplained_pro/ui.o
 .debug_macro   0x00003179       0x22 src/ASF/common/services/usb/class/hid/device/generic/example/samd11d14a_samd11_xplained_pro/ui.o
 .debug_macro   0x0000319b       0x40 src/ASF/common/services/usb/class/hid/device/generic/example/samd11d14a_samd11_xplained_pro/ui.o
 .debug_macro   0x000031db       0x1c src/ASF/common/services/usb/class/hid/device/generic/example/samd11d14a_samd11_xplained_pro/ui.o
 .debug_macro   0x000031f7       0x22 src/ASF/common/services/usb/class/hid/device/generic/example/samd11d14a_samd11_xplained_pro/ui.o
 .debug_macro   0x00003219       0xb5 src/ASF/common/services/usb/class/hid/device/generic/example/samd11d14a_samd11_xplained_pro/ui.o
 .debug_macro   0x000032ce      0x3ad src/ASF/common/services/usb/class/hid/device/generic/example/samd11d14a_samd11_xplained_pro/ui.o
 .debug_macro   0x0000367b      0x681 src/ASF/common/services/usb/class/hid/device/generic/example/samd11d14a_samd11_xplained_pro/ui.o
 .debug_macro   0x00003cfc      0x8b5 src/ASF/common/services/usb/class/hid/device/generic/example/samd11d14a_samd11_xplained_pro/ui.o
 .debug_macro   0x000045b1      0x230 src/ASF/common/services/usb/class/hid/device/generic/example/samd11d14a_samd11_xplained_pro/ui.o
 .debug_macro   0x000047e1      0xbd1 src/ASF/common/services/usb/class/hid/device/generic/example/samd11d14a_samd11_xplained_pro/ui.o
 .debug_macro   0x000053b2      0x5b8 src/ASF/common/services/usb/class/hid/device/generic/example/samd11d14a_samd11_xplained_pro/ui.o
 .debug_macro   0x0000596a      0x7c8 src/ASF/common/services/usb/class/hid/device/generic/example/samd11d14a_samd11_xplained_pro/ui.o
 .debug_macro   0x00006132      0x4e3 src/ASF/common/services/usb/class/hid/device/generic/example/samd11d14a_samd11_xplained_pro/ui.o
 .debug_macro   0x00006615      0x39f src/ASF/common/services/usb/class/hid/device/generic/example/samd11d14a_samd11_xplained_pro/ui.o
 .debug_macro   0x000069b4      0x18d src/ASF/common/services/usb/class/hid/device/generic/example/samd11d14a_samd11_xplained_pro/ui.o
 .debug_macro   0x00006b41      0x21c src/ASF/common/services/usb/class/hid/device/generic/example/samd11d14a_samd11_xplained_pro/ui.o
 .debug_macro   0x00006d5d      0x78d src/ASF/common/services/usb/class/hid/device/generic/example/samd11d14a_samd11_xplained_pro/ui.o
 .debug_macro   0x000074ea       0x5e src/ASF/common/services/usb/class/hid/device/generic/example/samd11d14a_samd11_xplained_pro/ui.o
 .debug_macro   0x00007548      0x628 src/ASF/common/services/usb/class/hid/device/generic/example/samd11d14a_samd11_xplained_pro/ui.o
 .debug_macro   0x00007b70      0x3b6 src/ASF/common/services/usb/class/hid/device/generic/example/samd11d14a_samd11_xplained_pro/ui.o
 .debug_macro   0x00007f26      0xc50 src/ASF/common/services/usb/class/hid/device/generic/example/samd11d14a_samd11_xplained_pro/ui.o
 .debug_macro   0x00008b76     0x1092 src/ASF/common/services/usb/class/hid/device/generic/example/samd11d14a_samd11_xplained_pro/ui.o
 .debug_macro   0x00009c08      0xc19 src/ASF/common/services/usb/class/hid/device/generic/example/samd11d14a_samd11_xplained_pro/ui.o
 .debug_macro   0x0000a821      0x6ba src/ASF/common/services/usb/class/hid/device/generic/example/samd11d14a_samd11_xplained_pro/ui.o
 .debug_macro   0x0000aedb     0x1b87 src/ASF/common/services/usb/class/hid/device/generic/example/samd11d14a_samd11_xplained_pro/ui.o
 .debug_macro   0x0000ca62      0xb7c src/ASF/common/services/usb/class/hid/device/generic/example/samd11d14a_samd11_xplained_pro/ui.o
 .debug_macro   0x0000d5de      0x344 src/ASF/common/services/usb/class/hid/device/generic/example/samd11d14a_samd11_xplained_pro/ui.o
 .debug_macro   0x0000d922       0x7c src/ASF/common/services/usb/class/hid/device/generic/example/samd11d14a_samd11_xplained_pro/ui.o
 .debug_macro   0x0000d99e       0xa0 src/ASF/common/services/usb/class/hid/device/generic/example/samd11d14a_samd11_xplained_pro/ui.o
 .debug_macro   0x0000da3e       0x4c src/ASF/common/services/usb/class/hid/device/generic/example/samd11d14a_samd11_xplained_pro/ui.o
 .debug_macro   0x0000da8a       0xca src/ASF/common/services/usb/class/hid/device/generic/example/samd11d14a_samd11_xplained_pro/ui.o
 .debug_macro   0x0000db54       0xb8 src/ASF/common/services/usb/class/hid/device/generic/example/samd11d14a_samd11_xplained_pro/ui.o
 .debug_macro   0x0000dc0c       0x58 src/ASF/common/services/usb/class/hid/device/generic/example/samd11d14a_samd11_xplained_pro/ui.o
 .debug_macro   0x0000dc64      0x21a src/ASF/common/services/usb/class/hid/device/generic/example/samd11d14a_samd11_xplained_pro/ui.o
 .debug_macro   0x0000de7e       0x82 src/ASF/common/services/usb/class/hid/device/generic/example/samd11d14a_samd11_xplained_pro/ui.o
 .debug_macro   0x0000df00      0x18d src/ASF/common/services/usb/class/hid/device/generic/example/samd11d14a_samd11_xplained_pro/ui.o
 .debug_macro   0x0000e08d       0xa0 src/ASF/common/services/usb/class/hid/device/generic/example/samd11d14a_samd11_xplained_pro/ui.o
 .debug_macro   0x0000e12d       0xc4 src/ASF/common/services/usb/class/hid/device/generic/example/samd11d14a_samd11_xplained_pro/ui.o
 .debug_macro   0x0000e1f1       0x1c src/ASF/common/services/usb/class/hid/device/generic/example/samd11d14a_samd11_xplained_pro/ui.o
 .debug_macro   0x0000e20d       0x1c src/ASF/common/services/usb/class/hid/device/generic/example/samd11d14a_samd11_xplained_pro/ui.o
 .debug_macro   0x0000e229       0x1c src/ASF/common/services/usb/class/hid/device/generic/example/samd11d14a_samd11_xplained_pro/ui.o
 .debug_macro   0x0000e245       0x82 src/ASF/common/services/usb/class/hid/device/generic/example/samd11d14a_samd11_xplained_pro/ui.o
 .debug_macro   0x0000e2c7      0x112 src/ASF/common/services/usb/class/hid/device/generic/example/samd11d14a_samd11_xplained_pro/ui.o
 .debug_macro   0x0000e3d9       0xdc src/ASF/common/services/usb/class/hid/device/generic/example/samd11d14a_samd11_xplained_pro/ui.o
 .debug_macro   0x0000e4b5      0x128 src/ASF/common/services/usb/class/hid/device/generic/example/samd11d14a_samd11_xplained_pro/ui.o
 .debug_macro   0x0000e5dd      0x128 src/ASF/common/services/usb/class/hid/device/generic/example/samd11d14a_samd11_xplained_pro/ui.o
 .debug_macro   0x0000e705      0x128 src/ASF/common/services/usb/class/hid/device/generic/example/samd11d14a_samd11_xplained_pro/ui.o
 .debug_macro   0x0000e82d      0x11e src/ASF/common/services/usb/class/hid/device/generic/example/samd11d14a_samd11_xplained_pro/ui.o
 .debug_macro   0x0000e94b       0xe2 src/ASF/common/services/usb/class/hid/device/generic/example/samd11d14a_samd11_xplained_pro/ui.o
 .debug_macro   0x0000ea2d       0xe2 src/ASF/common/services/usb/class/hid/device/generic/example/samd11d14a_samd11_xplained_pro/ui.o
 .debug_macro   0x0000eb0f      0x12a src/ASF/common/services/usb/class/hid/device/generic/example/samd11d14a_samd11_xplained_pro/ui.o
 .debug_macro   0x0000ec39      0x1fe src/ASF/common/services/usb/class/hid/device/generic/example/samd11d14a_samd11_xplained_pro/ui.o
 .debug_macro   0x0000ee37       0x40 src/ASF/common/services/usb/class/hid/device/generic/example/samd11d14a_samd11_xplained_pro/ui.o
 .debug_macro   0x0000ee77      0x2f1 src/ASF/common/services/usb/class/hid/device/generic/example/samd11d14a_samd11_xplained_pro/ui.o
 .debug_macro   0x0000f168      0xf71 src/ASF/common/services/usb/class/hid/device/generic/example/samd11d14a_samd11_xplained_pro/ui.o
 .debug_macro   0x000100d9       0x5f src/ASF/common/services/usb/class/hid/device/generic/example/samd11d14a_samd11_xplained_pro/ui.o
 .debug_macro   0x00010138       0x58 src/ASF/common/services/usb/class/hid/device/generic/example/samd11d14a_samd11_xplained_pro/ui.o
 .debug_macro   0x00010190       0x35 src/ASF/common/services/usb/class/hid/device/generic/example/samd11d14a_samd11_xplained_pro/ui.o
 .debug_macro   0x000101c5       0x9c src/ASF/common/services/usb/class/hid/device/generic/example/samd11d14a_samd11_xplained_pro/ui.o
 .debug_macro   0x00010261       0x16 src/ASF/common/services/usb/class/hid/device/generic/example/samd11d14a_samd11_xplained_pro/ui.o
 .debug_macro   0x00010277       0x35 src/ASF/common/services/usb/class/hid/device/generic/example/samd11d14a_samd11_xplained_pro/ui.o
 .debug_macro   0x000102ac      0x34d src/ASF/common/services/usb/class/hid/device/generic/example/samd11d14a_samd11_xplained_pro/ui.o
 .debug_macro   0x000105f9       0x10 src/ASF/common/services/usb/class/hid/device/generic/example/samd11d14a_samd11_xplained_pro/ui.o
 .debug_macro   0x00010609       0x58 src/ASF/common/services/usb/class/hid/device/generic/example/samd11d14a_samd11_xplained_pro/ui.o
 .debug_macro   0x00010661       0x1f src/ASF/common/services/usb/class/hid/device/generic/example/samd11d14a_samd11_xplained_pro/ui.o
 .debug_macro   0x00010680       0x43 src/ASF/common/services/usb/class/hid/device/generic/example/samd11d14a_samd11_xplained_pro/ui.o
 .debug_macro   0x000106c3       0x20 src/ASF/common/services/usb/class/hid/device/generic/example/samd11d14a_samd11_xplained_pro/ui.o
 .debug_macro   0x000106e3      0x187 src/ASF/common/services/usb/class/hid/device/generic/example/samd11d14a_samd11_xplained_pro/ui.o
 .debug_macro   0x0001086a       0x10 src/ASF/common/services/usb/class/hid/device/generic/example/samd11d14a_samd11_xplained_pro/ui.o
 .debug_macro   0x0001087a       0x1c src/ASF/common/services/usb/class/hid/device/generic/example/samd11d14a_samd11_xplained_pro/ui.o
 .debug_macro   0x00010896       0x52 src/ASF/common/services/usb/class/hid/device/generic/example/samd11d14a_samd11_xplained_pro/ui.o
 .debug_macro   0x000108e8       0x40 src/ASF/common/services/usb/class/hid/device/generic/example/samd11d14a_samd11_xplained_pro/ui.o
 .debug_macro   0x00010928       0x10 src/ASF/common/services/usb/class/hid/device/generic/example/samd11d14a_samd11_xplained_pro/ui.o
 .debug_macro   0x00010938       0x40 src/ASF/common/services/usb/class/hid/device/generic/example/samd11d14a_samd11_xplained_pro/ui.o
 .debug_macro   0x00010978       0xd7 src/ASF/common/services/usb/class/hid/device/generic/example/samd11d14a_samd11_xplained_pro/ui.o
 .debug_macro   0x00010a4f       0x16 src/ASF/common/services/usb/class/hid/device/generic/example/samd11d14a_samd11_xplained_pro/ui.o
 .debug_macro   0x00010a65      0x18b src/ASF/common/services/usb/class/hid/device/generic/example/samd11d14a_samd11_xplained_pro/ui.o
 .debug_macro   0x00010bf0       0x16 src/ASF/common/services/usb/class/hid/device/generic/example/samd11d14a_samd11_xplained_pro/ui.o
 .debug_macro   0x00010c06       0x16 src/ASF/common/services/usb/class/hid/device/generic/example/samd11d14a_samd11_xplained_pro/ui.o
 .debug_macro   0x00010c1c       0x29 src/ASF/common/services/usb/class/hid/device/generic/example/samd11d14a_samd11_xplained_pro/ui.o
 .debug_macro   0x00010c45       0x51 src/ASF/common/services/usb/class/hid/device/generic/example/samd11d14a_samd11_xplained_pro/ui.o
 .debug_macro   0x00010c96       0x3e src/ASF/common/services/usb/class/hid/device/generic/example/samd11d14a_samd11_xplained_pro/ui.o
 .debug_macro   0x00010cd4      0x3df src/ASF/common/services/usb/class/hid/device/generic/example/samd11d14a_samd11_xplained_pro/ui.o
 .debug_macro   0x000110b3       0x18 src/ASF/common/services/usb/class/hid/device/generic/example/samd11d14a_samd11_xplained_pro/ui.o
 .debug_macro   0x000110cb       0x19 src/ASF/common/services/usb/class/hid/device/generic/example/samd11d14a_samd11_xplained_pro/ui.o
 .debug_macro   0x000110e4      0x2df src/ASF/common/services/usb/class/hid/device/generic/example/samd11d14a_samd11_xplained_pro/ui.o
 .debug_macro   0x000113c3       0x10 src/ASF/common/services/usb/class/hid/device/generic/example/samd11d14a_samd11_xplained_pro/ui.o
 .debug_macro   0x000113d3      0x3d5 src/ASF/common/services/usb/class/hid/device/generic/example/samd11d14a_samd11_xplained_pro/ui.o
 .debug_macro   0x000117a8       0x11 src/ASF/common/services/usb/class/hid/device/generic/example/samd11d14a_samd11_xplained_pro/ui.o
 .debug_macro   0x000117b9       0x22 src/ASF/common/services/usb/class/hid/device/generic/example/samd11d14a_samd11_xplained_pro/ui.o
 .debug_macro   0x000117db       0x11 src/ASF/common/services/usb/class/hid/device/generic/example/samd11d14a_samd11_xplained_pro/ui.o
 .debug_macro   0x000117ec       0x16 src/ASF/common/services/usb/class/hid/device/generic/example/samd11d14a_samd11_xplained_pro/ui.o
 .debug_macro   0x00011802       0x2e src/ASF/common/services/usb/class/hid/device/generic/example/samd11d14a_samd11_xplained_pro/ui.o
 .debug_macro   0x00011830       0x10 src/ASF/common/services/usb/class/hid/device/generic/example/samd11d14a_samd11_xplained_pro/ui.o
 .debug_macro   0x00011840       0x8e src/ASF/common/services/usb/class/hid/device/generic/example/samd11d14a_samd11_xplained_pro/ui.o
 .debug_macro   0x000118ce       0x2e src/ASF/common/services/usb/class/hid/device/generic/example/samd11d14a_samd11_xplained_pro/ui.o
 .debug_macro   0x000118fc      0x242 src/ASF/common/services/usb/class/hid/device/generic/example/samd11d14a_samd11_xplained_pro/ui.o
 .debug_macro   0x00011b3e      0x162 src/ASF/common/services/usb/class/hid/device/generic/example/samd11d14a_samd11_xplained_pro/ui.o
 .debug_macro   0x00011ca0      0x44f src/ASF/common/services/usb/class/hid/device/generic/example/samd11d14a_samd11_xplained_pro/ui.o
 .debug_macro   0x000120ef       0x16 src/ASF/common/services/usb/class/hid/device/generic/example/samd11d14a_samd11_xplained_pro/ui.o
 .debug_macro   0x00012105       0x10 src/ASF/common/services/usb/class/hid/device/generic/example/samd11d14a_samd11_xplained_pro/ui.o
 .debug_macro   0x00012115       0x22 src/ASF/common/services/usb/class/hid/device/generic/example/samd11d14a_samd11_xplained_pro/ui.o
 .debug_macro   0x00012137      0x51b src/ASF/common/services/sleepmgr/samd/sleepmgr.o
 .debug_macro   0x00012652      0x587 src/ASF/common/services/usb/class/hid/device/generic/udi_hid_generic.o
 .debug_macro   0x00012bd9       0x88 src/ASF/common/services/usb/class/hid/device/generic/udi_hid_generic.o
 .debug_macro   0x00012c61       0x1c src/ASF/common/services/usb/class/hid/device/generic/udi_hid_generic.o
 .debug_macro   0x00012c7d       0x16 src/ASF/common/services/usb/class/hid/device/generic/udi_hid_generic.o
 .debug_macro   0x00012c93      0x55e src/ASF/common/services/usb/class/hid/device/generic/udi_hid_generic_desc.o
 .debug_macro   0x000131f1      0x566 src/ASF/common/services/usb/class/hid/device/udi_hid.o
 .debug_macro   0x00013757      0x56b src/ASF/common/services/usb/udc/udc.o
 .debug_macro   0x00013cc2      0x4bb src/ASF/common/utils/interrupt/interrupt_sam_nvic.o
 .debug_macro   0x0001417d      0x4f8 src/ASF/sam0/boards/samd11_xplained_pro/board_init.o
 .debug_macro   0x00014675      0x4e0 src/ASF/sam0/drivers/extint/extint_callback.o
 .debug_macro   0x00014b55      0x53a src/ASF/sam0/drivers/extint/extint_sam_d_r_h/extint.o
 .debug_macro   0x0001508f       0x1f src/ASF/sam0/drivers/extint/extint_sam_d_r_h/extint.o
 .debug_macro   0x000150ae       0x10 src/ASF/sam0/drivers/extint/extint_sam_d_r_h/extint.o
 .debug_macro   0x000150be      0x4d7 src/ASF/sam0/drivers/port/port.o
 .debug_macro   0x00015595      0x52e src/ASF/sam0/drivers/system/clock/clock_samd09_d10_d11/clock.o
 .debug_macro   0x00015ac3      0x22f src/ASF/sam0/drivers/system/clock/clock_samd09_d10_d11/clock.o
 .debug_macro   0x00015cf2      0x4f1 src/ASF/sam0/drivers/system/clock/clock_samd09_d10_d11/gclk.o
 .debug_macro   0x000161e3      0x4cb src/ASF/sam0/drivers/system/pinmux/pinmux.o
 .debug_macro   0x000166ae       0x12 src/ASF/sam0/drivers/system/pinmux/pinmux.o
 .debug_macro   0x000166c0      0x4fe src/ASF/sam0/drivers/system/system.o
 .debug_macro   0x00016bbe      0x673 src/ASF/sam0/drivers/usb/stack_interface/usb_device_udd.o
 .debug_macro   0x00017231       0x52 src/ASF/sam0/drivers/usb/stack_interface/usb_device_udd.o
 .debug_macro   0x00017283       0x8d src/ASF/sam0/drivers/usb/stack_interface/usb_device_udd.o
 .debug_macro   0x00017310       0x57 src/ASF/sam0/drivers/usb/stack_interface/usb_device_udd.o
 .debug_macro   0x00017367      0x353 src/ASF/sam0/drivers/usb/stack_interface/usb_device_udd.o
 .debug_macro   0x000176ba       0x10 src/ASF/sam0/drivers/usb/stack_interface/usb_device_udd.o
 .debug_macro   0x000176ca       0xaf src/ASF/sam0/drivers/usb/stack_interface/usb_device_udd.o
 .debug_macro   0x00017779       0x1c src/ASF/sam0/drivers/usb/stack_interface/usb_device_udd.o
 .debug_macro   0x00017795      0x3db src/ASF/sam0/drivers/usb/stack_interface/usb_device_udd.o
 .debug_macro   0x00017b70       0x1c src/ASF/sam0/drivers/usb/stack_interface/usb_device_udd.o
 .debug_macro   0x00017b8c      0x5b6 src/ASF/sam0/drivers/usb/stack_interface/usb_dual.o
 .debug_macro   0x00018142      0x58b src/ASF/sam0/drivers/usb/usb_sam_d_r/usb.o
 .debug_macro   0x000186cd      0x2a2 src/ASF/sam0/utils/cmsis/samd11/source/gcc/startup_samd11.o
 .debug_macro   0x0001896f       0x3a src/ASF/sam0/utils/cmsis/samd11/source/gcc/startup_samd11.o
 .debug_macro   0x000189a9      0x65c src/main.o

.debug_line     0x00000000     0xdfdd
 .debug_line    0x00000000      0xf85 src/ASF/common/services/usb/class/hid/device/generic/example/samd11d14a_samd11_xplained_pro/ui.o
 .debug_line    0x00000f85      0xa0b src/ASF/common/services/sleepmgr/samd/sleepmgr.o
 .debug_line    0x00001990      0xaf5 src/ASF/common/services/usb/class/hid/device/generic/udi_hid_generic.o
 .debug_line    0x00002485      0x9c4 src/ASF/common/services/usb/class/hid/device/generic/udi_hid_generic_desc.o
 .debug_line    0x00002e49      0xa25 src/ASF/common/services/usb/class/hid/device/udi_hid.o
 .debug_line    0x0000386e      0xbd1 src/ASF/common/services/usb/udc/udc.o
 .debug_line    0x0000443f      0x87f src/ASF/common/utils/interrupt/interrupt_sam_nvic.o
 .debug_line    0x00004cbe      0x941 src/ASF/sam0/boards/samd11_xplained_pro/board_init.o
 .debug_line    0x000055ff      0x987 src/ASF/sam0/drivers/extint/extint_callback.o
 .debug_line    0x00005f86      0xbe8 src/ASF/sam0/drivers/extint/extint_sam_d_r_h/extint.o
 .debug_line    0x00006b6e      0x8b1 src/ASF/sam0/drivers/port/port.o
 .debug_line    0x0000741f      0xc48 src/ASF/sam0/drivers/system/clock/clock_samd09_d10_d11/clock.o
 .debug_line    0x00008067      0xc2e src/ASF/sam0/drivers/system/clock/clock_samd09_d10_d11/gclk.o
 .debug_line    0x00008c95      0x8fe src/ASF/sam0/drivers/system/pinmux/pinmux.o
 .debug_line    0x00009593      0x9a5 src/ASF/sam0/drivers/system/system.o
 .debug_line    0x00009f38     0x133e src/ASF/sam0/drivers/usb/stack_interface/usb_device_udd.o
 .debug_line    0x0000b276      0xaf5 src/ASF/sam0/drivers/usb/stack_interface/usb_dual.o
 .debug_line    0x0000bd6b      0xd5b src/ASF/sam0/drivers/usb/usb_sam_d_r/usb.o
 .debug_line    0x0000cac6      0x603 src/ASF/sam0/utils/cmsis/samd11/source/gcc/startup_samd11.o
 .debug_line    0x0000d0c9      0xf14 src/main.o

.debug_str      0x00000000    0x7a622
 .debug_str     0x00000000    0x738bb src/ASF/common/services/usb/class/hid/device/generic/example/samd11d14a_samd11_xplained_pro/ui.o
                              0x73e4f (size before relaxing)
 .debug_str     0x000738bb       0xa8 src/ASF/common/services/sleepmgr/samd/sleepmgr.o
                              0x6ef6d (size before relaxing)
 .debug_str     0x00073963      0x3d0 src/ASF/common/services/usb/class/hid/device/generic/udi_hid_generic.o
                              0x71c86 (size before relaxing)
 .debug_str     0x00073d33      0x381 src/ASF/common/services/usb/class/hid/device/generic/udi_hid_generic_desc.o
                              0x71bf2 (size before relaxing)
 .debug_str     0x000740b4      0x222 src/ASF/common/services/usb/class/hid/device/udi_hid.o
                              0x71b52 (size before relaxing)
 .debug_str     0x000742d6      0x6e7 src/ASF/common/services/usb/udc/udc.o
                              0x721fc (size before relaxing)
 .debug_str     0x000749bd       0x65 src/ASF/common/utils/interrupt/interrupt_sam_nvic.o
                              0x6edb9 (size before relaxing)
 .debug_str     0x00074a22      0x145 src/ASF/sam0/boards/samd11_xplained_pro/board_init.o
                              0x70977 (size before relaxing)
 .debug_str     0x00074b67      0x63d src/ASF/sam0/drivers/extint/extint_callback.o
                              0x6f50a (size before relaxing)
 .debug_str     0x000751a4      0xb09 src/ASF/sam0/drivers/extint/extint_sam_d_r_h/extint.o
                              0x70368 (size before relaxing)
 .debug_str     0x00075cad       0x59 src/ASF/sam0/drivers/port/port.o
                              0x6f1d0 (size before relaxing)
 .debug_str     0x00075d06     0x2588 src/ASF/sam0/drivers/system/clock/clock_samd09_d10_d11/clock.o
                              0x71c95 (size before relaxing)
 .debug_str     0x0007828e      0x226 src/ASF/sam0/drivers/system/clock/clock_samd09_d10_d11/gclk.o
                              0x6fa14 (size before relaxing)
 .debug_str     0x000784b4      0x179 src/ASF/sam0/drivers/system/pinmux/pinmux.o
                              0x6f25b (size before relaxing)
 .debug_str     0x0007862d       0x47 src/ASF/sam0/drivers/system/system.o
                              0x6ee96 (size before relaxing)
 .debug_str     0x00078674     0x11fb src/ASF/sam0/drivers/usb/stack_interface/usb_device_udd.o
                              0x75673 (size before relaxing)
 .debug_str     0x0007986f       0xb3 src/ASF/sam0/drivers/usb/stack_interface/usb_dual.o
                              0x7341b (size before relaxing)
 .debug_str     0x00079922      0x363 src/ASF/sam0/drivers/usb/usb_sam_d_r/usb.o
                              0x70cf7 (size before relaxing)
 .debug_str     0x00079c85      0x7f7 src/ASF/sam0/utils/cmsis/samd11/source/gcc/startup_samd11.o
                              0x59ac7 (size before relaxing)
 .debug_str     0x0007a47c      0x1a6 src/main.o
                              0x745bd (size before relaxing)

.debug_frame    0x00000000      0xfcc
 .debug_frame   0x00000000       0x98 src/ASF/common/services/usb/class/hid/device/generic/example/samd11d14a_samd11_xplained_pro/ui.o
 .debug_frame   0x00000098       0xf0 src/ASF/common/services/usb/class/hid/device/generic/udi_hid_generic.o
 .debug_frame   0x00000188       0x2c src/ASF/common/services/usb/class/hid/device/udi_hid.o
 .debug_frame   0x000001b4      0x138 src/ASF/common/services/usb/udc/udc.o
 .debug_frame   0x000002ec       0x30 src/ASF/common/utils/interrupt/interrupt_sam_nvic.o
 .debug_frame   0x0000031c       0x38 src/ASF/sam0/boards/samd11_xplained_pro/board_init.o
 .debug_frame   0x00000354       0x7c src/ASF/sam0/drivers/extint/extint_callback.o
 .debug_frame   0x000003d0       0xb8 src/ASF/sam0/drivers/extint/extint_sam_d_r_h/extint.o
 .debug_frame   0x00000488       0x44 src/ASF/sam0/drivers/port/port.o
 .debug_frame   0x000004cc      0x150 src/ASF/sam0/drivers/system/clock/clock_samd09_d10_d11/clock.o
 .debug_frame   0x0000061c      0x148 src/ASF/sam0/drivers/system/clock/clock_samd09_d10_d11/gclk.o
 .debug_frame   0x00000764       0x98 src/ASF/sam0/drivers/system/pinmux/pinmux.o
 .debug_frame   0x000007fc       0x38 src/ASF/sam0/drivers/system/system.o
 .debug_frame   0x00000834      0x360 src/ASF/sam0/drivers/usb/stack_interface/usb_device_udd.o
 .debug_frame   0x00000b94       0x30 src/ASF/sam0/drivers/usb/stack_interface/usb_dual.o
 .debug_frame   0x00000bc4      0x218 src/ASF/sam0/drivers/usb/usb_sam_d_r/usb.o
 .debug_frame   0x00000ddc       0x40 src/ASF/sam0/utils/cmsis/samd11/source/gcc/startup_samd11.o
 .debug_frame   0x00000e1c       0xfc src/main.o
 .debug_frame   0x00000f18       0x20 c:/program files (x86)/atmel/studio/7.0/toolchain/arm/arm-gnu-toolchain/bin/../lib/gcc/arm-none-eabi/6.3.1/thumb/v6-m\libgcc.a(_udivsi3.o)
 .debug_frame   0x00000f38       0x20 c:/program files (x86)/atmel/studio/7.0/toolchain/arm/arm-gnu-toolchain/bin/../lib/gcc/arm-none-eabi/6.3.1/thumb/v6-m\libgcc.a(_divsi3.o)
 .debug_frame   0x00000f58       0x2c c:/program files (x86)/atmel/studio/7.0/toolchain/arm/arm-gnu-toolchain/bin/../lib/gcc/arm-none-eabi/6.3.1/../../../../arm-none-eabi/lib/thumb/v6-m\libc_nano.a(lib_a-init.o)
 .debug_frame   0x00000f84       0x28 c:/program files (x86)/atmel/studio/7.0/toolchain/arm/arm-gnu-toolchain/bin/../lib/gcc/arm-none-eabi/6.3.1/../../../../arm-none-eabi/lib/thumb/v6-m\libc_nano.a(lib_a-memcpy-stub.o)
 .debug_frame   0x00000fac       0x20 c:/program files (x86)/atmel/studio/7.0/toolchain/arm/arm-gnu-toolchain/bin/../lib/gcc/arm-none-eabi/6.3.1/../../../../arm-none-eabi/lib/thumb/v6-m\libc_nano.a(lib_a-memset.o)
